******************************************************************************
                  TI ARM Linker PC v18.1.8                     
******************************************************************************
>> Linked Sat Jul 13 19:31:31 2024

OUTPUT FILE NAME:   <EGR424_Project3_Kelsey_Jacob.out>
ENTRY POINT SYMBOL: "_c_int00_noargs"  address: 0000087d


MEMORY CONFIGURATION

         name            origin    length      used     unused   attr    fill
----------------------  --------  ---------  --------  --------  ----  --------
  MAIN                  00000000   00040000  00000940  0003f6c0  R  X
  INFO                  00200000   00004000  00000000  00004000  R  X
  SRAM_CODE             01000000   00010000  00001008  0000eff8  RW X
  SRAM_DATA             20000000   00010000  00001008  0000eff8  RW  


SEGMENT ALLOCATION MAP

run origin  load origin   length   init length attrs members
----------  ----------- ---------- ----------- ----- -------
00000000    00000000    00000948   00000948    r-x
  00000000    00000000    000000e4   000000e4    r-- .intvecs
  000000e8    000000e8    0000082c   0000082c    r-x .text
  00000918    00000918    00000030   00000030    r-- .cinit
20000000    20000000    00000008   00000000    rw-
  20000000    20000000    00000004   00000000    rw- .bss
  20000004    20000004    00000004   00000000    rw- .data
2000f000    2000f000    00001000   00000000    rw-
  2000f000    2000f000    00001000   00000000    rw- .stack


SECTION ALLOCATION MAP

 output                                  attributes/
section   page    origin      length       input sections
--------  ----  ----------  ----------   ----------------
.intvecs   0    00000000    000000e4     
                  00000000    000000e4     startup_msp432p401r_ccs.obj (.intvecs:retain)

.text      0    000000e8    0000082c     
                  000000e8    00000480     system_msp432p401r.obj (.text)
                  00000568    0000012c     UART.obj (.text)
                  00000694    00000004     rtsv7M4_T_le_v4SPD16_eabi.lib : pre_init.c.obj (.text:_system_pre_init)
                  00000698    0000009c     Kernel.obj (.text)
                  00000734    0000009c     rtsv7M4_T_le_v4SPD16_eabi.lib : memcpy_t2.asm.obj (.text)
                  000007d0    00000068                                   : copy_decompress_lzss.c.obj (.text:decompress:lzss:__TI_decompress_lzss)
                  00000838    00000044                                   : autoinit.c.obj (.text:__TI_auto_init_nobinit_nopinit:__TI_auto_init_nobinit_nopinit)
                  0000087c    00000038                                   : boot_cortex_m.c.obj (.text:_c_int00_noargs:_c_int00_noargs)
                  000008b4    0000001c                                   : copy_zero_init.c.obj (.text:decompress:ZI:__TI_zero_init_nomemset:__TI_zero_init_nomemset)
                  000008d0    00000014                                   : strlen.c.obj (.text:strlen)
                  000008e4    00000004                                   : exit.c.obj (.text:abort:abort)
                  000008e8    00000012     startup_msp432p401r_ccs.obj (.text)
                  000008fa    0000000e     rtsv7M4_T_le_v4SPD16_eabi.lib : copy_decompress_none.c.obj (.text:decompress:none:__TI_decompress_none)
                  00000908    0000000c     OSasm.obj (.text)

.cinit     0    00000918    00000030     
                  00000918    0000000c     (__TI_handler_table)
                  00000924    00000004     --HOLE-- [fill = 0]
                  00000928    00000008     (.cinit..bss.load) [load image, compression = zero_init]
                  00000930    00000008     (.cinit..data.load) [load image, compression = lzss]
                  00000938    00000010     (__TI_cinit_table)

.init_array 
*          0    00000000    00000000     UNINITIALIZED

.binit     0    00000000    00000000     

.bss       0    20000000    00000004     UNINITIALIZED
                  20000000    00000004     (.common:RunPt)

.data      0    20000004    00000004     UNINITIALIZED
                  20000004    00000004     system_msp432p401r.obj (.data)

.stack     0    2000f000    00001000     UNINITIALIZED
                  2000f000    00000004     rtsv7M4_T_le_v4SPD16_eabi.lib : boot_cortex_m.c.obj (.stack)
                  2000f004    00000ffc     --HOLE--

MODULE SUMMARY

       Module                        code   ro data   rw data
       ------                        ----   -------   -------
    .\
       system_msp432p401r.obj        1152   0         8      
       UART.obj                      300    0         0      
       startup_msp432p401r_ccs.obj   18     228       0      
       Kernel.obj                    156    0         0      
       OSasm.obj                     12     0         0      
       OS.obj                        0      0         8      
    +--+-----------------------------+------+---------+---------+
       Total:                        1638   228       16     
                                                             
    C:\ti\ccsv8\tools\compiler\ti-cgt-arm_18.1.8.LTS\lib\rtsv7M4_T_le_v4SPD16_eabi.lib
       memcpy_t2.asm.obj             156    0         0      
       copy_decompress_lzss.c.obj    104    0         0      
       autoinit.c.obj                68     0         0      
       boot_cortex_m.c.obj           56     0         0      
       copy_zero_init.c.obj          28     0         0      
       strlen.c.obj                  20     0         0      
       copy_decompress_none.c.obj    14     0         0      
       exit.c.obj                    4      0         0      
       pre_init.c.obj                4      0         0      
    +--+-----------------------------+------+---------+---------+
       Total:                        454    0         0      
                                                             
       Stack:                        0      0         8192   
       Linker Generated:             0      44        0      
    +--+-----------------------------+------+---------+---------+
       Grand Total:                  2092   272       8208   


LINKER GENERATED COPY TABLES

__TI_cinit_table @ 00000938 records: 2, size/record: 8, table size: 16
	.bss: load addr=00000928, load size=00000008 bytes, run addr=20000000, run size=00000004 bytes, compression=zero_init
	.data: load addr=00000930, load size=00000008 bytes, run addr=20000004, run size=00000004 bytes, compression=lzss


LINKER GENERATED HANDLER TABLE

__TI_handler_table @ 00000918 records: 3, size/record: 4, table size: 12
	index: 0, handler: __TI_decompress_lzss
	index: 1, handler: __TI_decompress_none
	index: 2, handler: __TI_zero_init


GLOBAL SYMBOLS: SORTED ALPHABETICALLY BY Name 

address   name                          
-------   ----                          
000008f9  ADC14_IRQHandler              
000008f9  AES256_IRQHandler             
000008f9  BusFault_Handler              
000008e5  C$$EXIT                       
000008f9  COMP_E0_IRQHandler            
000008f9  COMP_E1_IRQHandler            
000008f9  CS_IRQHandler                 
000008f9  DMA_ERR_IRQHandler            
000008f9  DMA_INT0_IRQHandler           
000008f9  DMA_INT1_IRQHandler           
000008f9  DMA_INT2_IRQHandler           
000008f9  DMA_INT3_IRQHandler           
000008f9  DebugMon_Handler              
000008f9  Default_Handler               
000008f9  EUSCIA0_IRQHandler            
000008f9  EUSCIA1_IRQHandler            
000008f9  EUSCIA2_IRQHandler            
000008f9  EUSCIA3_IRQHandler            
000008f9  EUSCIB0_IRQHandler            
000008f9  EUSCIB1_IRQHandler            
000008f9  EUSCIB2_IRQHandler            
000008f9  EUSCIB3_IRQHandler            
000008f9  FLCTL_IRQHandler              
000008f9  FPU_IRQHandler                
000006c9  GPIO_Init                     
000008f9  HardFault_Handler             
00000711  Lock_Init                     
00000721  Lock_Release                  
000008f9  MemManage_Handler             
000008f9  NMI_Handler                   
00000909  OS_DisableInterrupts          
0000090d  OS_EnableInterrupts           
000008f9  PCM_IRQHandler                
000008f9  PORT1_IRQHandler              
000008f9  PORT2_IRQHandler              
000008f9  PORT3_IRQHandler              
000008f9  PORT4_IRQHandler              
000008f9  PORT5_IRQHandler              
000008f9  PORT6_IRQHandler              
000008f9  PSS_IRQHandler                
000008f9  PendSV_Handler                
000008f9  RTC_C_IRQHandler              
000008e9  Reset_Handler                 
20000000  RunPt                         
000008f9  SVC_Handler                   
00000914  StartOS                       
00000914  SysTick_Handler               
00000914  SysTick_Handler               
20000004  SystemCoreClock               
000000e9  SystemCoreClockUpdate         
000004c9  SystemInit                    
000008f9  T32_INT1_IRQHandler           
000008f9  T32_INT2_IRQHandler           
000008f9  T32_INTC_IRQHandler           
000008f9  TA0_0_IRQHandler              
000008f9  TA0_N_IRQHandler              
000008f9  TA1_0_IRQHandler              
000008f9  TA1_N_IRQHandler              
000008f9  TA2_0_IRQHandler              
000008f9  TA2_N_IRQHandler              
000008f9  TA3_0_IRQHandler              
000008f9  TA3_N_IRQHandler              
00000569  UART0_Init                    
00000611  UART_MSend                    
00000669  UART_Receive                  
000005d1  UART_Send                     
000008f9  UsageFault_Handler            
4000480c  WDTCTL_SYM                    
000008f9  WDT_A_IRQHandler              
20010000  __STACK_END                   
00001000  __STACK_SIZE                  
00000938  __TI_CINIT_Base               
00000948  __TI_CINIT_Limit              
00000918  __TI_Handler_Table_Base       
00000924  __TI_Handler_Table_Limit      
00000839  __TI_auto_init_nobinit_nopinit
000007d1  __TI_decompress_lzss          
000008fb  __TI_decompress_none          
ffffffff  __TI_pprof_out_hndl           
ffffffff  __TI_prof_data_size           
ffffffff  __TI_prof_data_start          
00000000  __TI_static_base__            
000008b5  __TI_zero_init_nomemset       
00000735  __aeabi_memcpy                
00000735  __aeabi_memcpy4               
00000735  __aeabi_memcpy8               
ffffffff  __binit__                     
ffffffff  __c_args__                    
UNDEFED   __mpu_init                    
2000f000  __stack                       
0000087d  _c_int00_noargs               
UNDEFED   _system_post_cinit            
00000695  _system_pre_init              
000008e5  abort                         
ffffffff  binit                         
00000699  fputc                         
000006b1  fputs                         
00000000  interruptVectors              
00000731  main                          
00000735  memcpy                        
000008d1  strlen                        


GLOBAL SYMBOLS: SORTED BY Symbol Address 

address   name                          
-------   ----                          
00000000  __TI_static_base__            
00000000  interruptVectors              
000000e9  SystemCoreClockUpdate         
000004c9  SystemInit                    
00000569  UART0_Init                    
000005d1  UART_Send                     
00000611  UART_MSend                    
00000669  UART_Receive                  
00000695  _system_pre_init              
00000699  fputc                         
000006b1  fputs                         
000006c9  GPIO_Init                     
00000711  Lock_Init                     
00000721  Lock_Release                  
00000731  main                          
00000735  __aeabi_memcpy                
00000735  __aeabi_memcpy4               
00000735  __aeabi_memcpy8               
00000735  memcpy                        
000007d1  __TI_decompress_lzss          
00000839  __TI_auto_init_nobinit_nopinit
0000087d  _c_int00_noargs               
000008b5  __TI_zero_init_nomemset       
000008d1  strlen                        
000008e5  C$$EXIT                       
000008e5  abort                         
000008e9  Reset_Handler                 
000008f9  ADC14_IRQHandler              
000008f9  AES256_IRQHandler             
000008f9  BusFault_Handler              
000008f9  COMP_E0_IRQHandler            
000008f9  COMP_E1_IRQHandler            
000008f9  CS_IRQHandler                 
000008f9  DMA_ERR_IRQHandler            
000008f9  DMA_INT0_IRQHandler           
000008f9  DMA_INT1_IRQHandler           
000008f9  DMA_INT2_IRQHandler           
000008f9  DMA_INT3_IRQHandler           
000008f9  DebugMon_Handler              
000008f9  Default_Handler               
000008f9  EUSCIA0_IRQHandler            
000008f9  EUSCIA1_IRQHandler            
000008f9  EUSCIA2_IRQHandler            
000008f9  EUSCIA3_IRQHandler            
000008f9  EUSCIB0_IRQHandler            
000008f9  EUSCIB1_IRQHandler            
000008f9  EUSCIB2_IRQHandler            
000008f9  EUSCIB3_IRQHandler            
000008f9  FLCTL_IRQHandler              
000008f9  FPU_IRQHandler                
000008f9  HardFault_Handler             
000008f9  MemManage_Handler             
000008f9  NMI_Handler                   
000008f9  PCM_IRQHandler                
000008f9  PORT1_IRQHandler              
000008f9  PORT2_IRQHandler              
000008f9  PORT3_IRQHandler              
000008f9  PORT4_IRQHandler              
000008f9  PORT5_IRQHandler              
000008f9  PORT6_IRQHandler              
000008f9  PSS_IRQHandler                
000008f9  PendSV_Handler                
000008f9  RTC_C_IRQHandler              
000008f9  SVC_Handler                   
000008f9  T32_INT1_IRQHandler           
000008f9  T32_INT2_IRQHandler           
000008f9  T32_INTC_IRQHandler           
000008f9  TA0_0_IRQHandler              
000008f9  TA0_N_IRQHandler              
000008f9  TA1_0_IRQHandler              
000008f9  TA1_N_IRQHandler              
000008f9  TA2_0_IRQHandler              
000008f9  TA2_N_IRQHandler              
000008f9  TA3_0_IRQHandler              
000008f9  TA3_N_IRQHandler              
000008f9  UsageFault_Handler            
000008f9  WDT_A_IRQHandler              
000008fb  __TI_decompress_none          
00000909  OS_DisableInterrupts          
0000090d  OS_EnableInterrupts           
00000914  StartOS                       
00000914  SysTick_Handler               
00000914  SysTick_Handler               
00000918  __TI_Handler_Table_Base       
00000924  __TI_Handler_Table_Limit      
00000938  __TI_CINIT_Base               
00000948  __TI_CINIT_Limit              
00001000  __STACK_SIZE                  
20000000  RunPt                         
20000004  SystemCoreClock               
2000f000  __stack                       
20010000  __STACK_END                   
4000480c  WDTCTL_SYM                    
ffffffff  __TI_pprof_out_hndl           
ffffffff  __TI_prof_data_size           
ffffffff  __TI_prof_data_start          
ffffffff  __binit__                     
ffffffff  __c_args__                    
ffffffff  binit                         
UNDEFED   __mpu_init                    
UNDEFED   _system_post_cinit            

[101 symbols]
