<?xml version="1.0" encoding="ISO-8859-1" ?>
<link_info>
   <banner>TI ARM Linker PC v18.1.8.LTS</banner>
   <copyright>Copyright (c) 1996-2018 Texas Instruments Incorporated</copyright>
   <link_time>0x6696a99a</link_time>
   <link_errors>0x0</link_errors>
   <output_file>EGR424_Project3_Kelsey_Jacob.out</output_file>
   <entry_point>
      <name>_c_int00_noargs</name>
      <address>0x28b5</address>
   </entry_point>
   <input_file_list>
      <input_file id="fl-2">
         <path>.\</path>
         <kind>object</kind>
         <file>Kernel.obj</file>
         <name>Kernel.obj</name>
      </input_file>
      <input_file id="fl-3">
         <path>.\</path>
         <kind>object</kind>
         <file>LockAcquire.obj</file>
         <name>LockAcquire.obj</name>
      </input_file>
      <input_file id="fl-4">
         <path>.\</path>
         <kind>object</kind>
         <file>OS.obj</file>
         <name>OS.obj</name>
      </input_file>
      <input_file id="fl-5">
         <path>.\</path>
         <kind>object</kind>
         <file>OSasm.obj</file>
         <name>OSasm.obj</name>
      </input_file>
      <input_file id="fl-6">
         <path>.\</path>
         <kind>object</kind>
         <file>Threads.obj</file>
         <name>Threads.obj</name>
      </input_file>
      <input_file id="fl-7">
         <path>.\</path>
         <kind>object</kind>
         <file>UART.obj</file>
         <name>UART.obj</name>
      </input_file>
      <input_file id="fl-8">
         <path>.\</path>
         <kind>object</kind>
         <file>startup_msp432p401r_ccs.obj</file>
         <name>startup_msp432p401r_ccs.obj</name>
      </input_file>
      <input_file id="fl-9">
         <path>.\</path>
         <kind>object</kind>
         <file>system_msp432p401r.obj</file>
         <name>system_msp432p401r.obj</name>
      </input_file>
      <input_file id="fl-d">
         <kind>object</kind>
         <file>&lt;internal&gt;</file>
         <name>&lt;internal&gt;</name>
      </input_file>
      <input_file id="fl-c3">
         <path>C:\ti\ccsv8\tools\compiler\ti-cgt-arm_18.1.8.LTS\lib\</path>
         <kind>archive</kind>
         <file>rtsv7M4_T_le_v4SPD16_eabi.lib</file>
         <name>copy_zero_init.c.obj</name>
      </input_file>
      <input_file id="fl-c4">
         <path>C:\ti\ccsv8\tools\compiler\ti-cgt-arm_18.1.8.LTS\lib\</path>
         <kind>archive</kind>
         <file>rtsv7M4_T_le_v4SPD16_eabi.lib</file>
         <name>copy_decompress_none.c.obj</name>
      </input_file>
      <input_file id="fl-c5">
         <path>C:\ti\ccsv8\tools\compiler\ti-cgt-arm_18.1.8.LTS\lib\</path>
         <kind>archive</kind>
         <file>rtsv7M4_T_le_v4SPD16_eabi.lib</file>
         <name>copy_decompress_lzss.c.obj</name>
      </input_file>
      <input_file id="fl-c6">
         <path>C:\ti\ccsv8\tools\compiler\ti-cgt-arm_18.1.8.LTS\lib\</path>
         <kind>archive</kind>
         <file>rtsv7M4_T_le_v4SPD16_eabi.lib</file>
         <name>printf.c.obj</name>
      </input_file>
      <input_file id="fl-c7">
         <path>C:\ti\ccsv8\tools\compiler\ti-cgt-arm_18.1.8.LTS\lib\</path>
         <kind>archive</kind>
         <file>rtsv7M4_T_le_v4SPD16_eabi.lib</file>
         <name>strlen.c.obj</name>
      </input_file>
      <input_file id="fl-c8">
         <path>C:\ti\ccsv8\tools\compiler\ti-cgt-arm_18.1.8.LTS\lib\</path>
         <kind>archive</kind>
         <file>rtsv7M4_T_le_v4SPD16_eabi.lib</file>
         <name>boot_cortex_m.c.obj</name>
      </input_file>
      <input_file id="fl-c9">
         <path>C:\ti\ccsv8\tools\compiler\ti-cgt-arm_18.1.8.LTS\lib\</path>
         <kind>archive</kind>
         <file>rtsv7M4_T_le_v4SPD16_eabi.lib</file>
         <name>memcpy_t2.asm.obj</name>
      </input_file>
      <input_file id="fl-ca">
         <path>C:\ti\ccsv8\tools\compiler\ti-cgt-arm_18.1.8.LTS\lib\</path>
         <kind>archive</kind>
         <file>rtsv7M4_T_le_v4SPD16_eabi.lib</file>
         <name>memset_t2.asm.obj</name>
      </input_file>
      <input_file id="fl-cb">
         <path>C:\ti\ccsv8\tools\compiler\ti-cgt-arm_18.1.8.LTS\lib\</path>
         <kind>archive</kind>
         <file>rtsv7M4_T_le_v4SPD16_eabi.lib</file>
         <name>autoinit.c.obj</name>
      </input_file>
      <input_file id="fl-cc">
         <path>C:\ti\ccsv8\tools\compiler\ti-cgt-arm_18.1.8.LTS\lib\</path>
         <kind>archive</kind>
         <file>rtsv7M4_T_le_v4SPD16_eabi.lib</file>
         <name>pre_init.c.obj</name>
      </input_file>
      <input_file id="fl-cd">
         <path>C:\ti\ccsv8\tools\compiler\ti-cgt-arm_18.1.8.LTS\lib\</path>
         <kind>archive</kind>
         <file>rtsv7M4_T_le_v4SPD16_eabi.lib</file>
         <name>cpy_tbl.c.obj</name>
      </input_file>
      <input_file id="fl-ce">
         <path>C:\ti\ccsv8\tools\compiler\ti-cgt-arm_18.1.8.LTS\lib\</path>
         <kind>archive</kind>
         <file>rtsv7M4_T_le_v4SPD16_eabi.lib</file>
         <name>exit.c.obj</name>
      </input_file>
      <input_file id="fl-cf">
         <path>C:\ti\ccsv8\tools\compiler\ti-cgt-arm_18.1.8.LTS\lib\</path>
         <kind>archive</kind>
         <file>rtsv7M4_T_le_v4SPD16_eabi.lib</file>
         <name>_lock.c.obj</name>
      </input_file>
      <input_file id="fl-d0">
         <path>C:\ti\ccsv8\tools\compiler\ti-cgt-arm_18.1.8.LTS\lib\</path>
         <kind>archive</kind>
         <file>rtsv7M4_T_le_v4SPD16_eabi.lib</file>
         <name>_printfi.c.obj</name>
      </input_file>
      <input_file id="fl-d1">
         <path>C:\ti\ccsv8\tools\compiler\ti-cgt-arm_18.1.8.LTS\lib\</path>
         <kind>archive</kind>
         <file>rtsv7M4_T_le_v4SPD16_eabi.lib</file>
         <name>args_main.c.obj</name>
      </input_file>
      <input_file id="fl-d2">
         <path>C:\ti\ccsv8\tools\compiler\ti-cgt-arm_18.1.8.LTS\lib\</path>
         <kind>archive</kind>
         <file>rtsv7M4_T_le_v4SPD16_eabi.lib</file>
         <name>atoi.c.obj</name>
      </input_file>
      <input_file id="fl-d3">
         <path>C:\ti\ccsv8\tools\compiler\ti-cgt-arm_18.1.8.LTS\lib\</path>
         <kind>archive</kind>
         <file>rtsv7M4_T_le_v4SPD16_eabi.lib</file>
         <name>ctype.c.obj</name>
      </input_file>
      <input_file id="fl-d4">
         <path>C:\ti\ccsv8\tools\compiler\ti-cgt-arm_18.1.8.LTS\lib\</path>
         <kind>archive</kind>
         <file>rtsv7M4_T_le_v4SPD16_eabi.lib</file>
         <name>defs.c.obj</name>
      </input_file>
      <input_file id="fl-d5">
         <path>C:\ti\ccsv8\tools\compiler\ti-cgt-arm_18.1.8.LTS\lib\</path>
         <kind>archive</kind>
         <file>rtsv7M4_T_le_v4SPD16_eabi.lib</file>
         <name>ltoa.c.obj</name>
      </input_file>
      <input_file id="fl-d6">
         <path>C:\ti\ccsv8\tools\compiler\ti-cgt-arm_18.1.8.LTS\lib\</path>
         <kind>archive</kind>
         <file>rtsv7M4_T_le_v4SPD16_eabi.lib</file>
         <name>memccpy.c.obj</name>
      </input_file>
      <input_file id="fl-d7">
         <path>C:\ti\ccsv8\tools\compiler\ti-cgt-arm_18.1.8.LTS\lib\</path>
         <kind>archive</kind>
         <file>rtsv7M4_T_le_v4SPD16_eabi.lib</file>
         <name>strchr.c.obj</name>
      </input_file>
      <input_file id="fl-d8">
         <path>C:\ti\ccsv8\tools\compiler\ti-cgt-arm_18.1.8.LTS\lib\</path>
         <kind>archive</kind>
         <file>rtsv7M4_T_le_v4SPD16_eabi.lib</file>
         <name>errno.c.obj</name>
      </input_file>
      <input_file id="fl-d9">
         <path>C:\ti\ccsv8\tools\compiler\ti-cgt-arm_18.1.8.LTS\lib\</path>
         <kind>archive</kind>
         <file>rtsv7M4_T_le_v4SPD16_eabi.lib</file>
         <name>wcslen.c.obj</name>
      </input_file>
      <input_file id="fl-da">
         <path>C:\ti\ccsv8\tools\compiler\ti-cgt-arm_18.1.8.LTS\lib\</path>
         <kind>archive</kind>
         <file>rtsv7M4_T_le_v4SPD16_eabi.lib</file>
         <name>s_frexp.c.obj</name>
      </input_file>
      <input_file id="fl-db">
         <path>C:\ti\ccsv8\tools\compiler\ti-cgt-arm_18.1.8.LTS\lib\</path>
         <kind>archive</kind>
         <file>rtsv7M4_T_le_v4SPD16_eabi.lib</file>
         <name>s_scalbn.c.obj</name>
      </input_file>
      <input_file id="fl-dc">
         <path>C:\ti\ccsv8\tools\compiler\ti-cgt-arm_18.1.8.LTS\lib\</path>
         <kind>archive</kind>
         <file>rtsv7M4_T_le_v4SPD16_eabi.lib</file>
         <name>fd_add_t2.asm.obj</name>
      </input_file>
      <input_file id="fl-dd">
         <path>C:\ti\ccsv8\tools\compiler\ti-cgt-arm_18.1.8.LTS\lib\</path>
         <kind>archive</kind>
         <file>rtsv7M4_T_le_v4SPD16_eabi.lib</file>
         <name>fd_cmp_t2.asm.obj</name>
      </input_file>
      <input_file id="fl-de">
         <path>C:\ti\ccsv8\tools\compiler\ti-cgt-arm_18.1.8.LTS\lib\</path>
         <kind>archive</kind>
         <file>rtsv7M4_T_le_v4SPD16_eabi.lib</file>
         <name>fd_div_t2.asm.obj</name>
      </input_file>
      <input_file id="fl-df">
         <path>C:\ti\ccsv8\tools\compiler\ti-cgt-arm_18.1.8.LTS\lib\</path>
         <kind>archive</kind>
         <file>rtsv7M4_T_le_v4SPD16_eabi.lib</file>
         <name>fd_mul_t2.asm.obj</name>
      </input_file>
      <input_file id="fl-e0">
         <path>C:\ti\ccsv8\tools\compiler\ti-cgt-arm_18.1.8.LTS\lib\</path>
         <kind>archive</kind>
         <file>rtsv7M4_T_le_v4SPD16_eabi.lib</file>
         <name>fd_toi_t2.asm.obj</name>
      </input_file>
      <input_file id="fl-e1">
         <path>C:\ti\ccsv8\tools\compiler\ti-cgt-arm_18.1.8.LTS\lib\</path>
         <kind>archive</kind>
         <file>rtsv7M4_T_le_v4SPD16_eabi.lib</file>
         <name>i_tofd_t2.asm.obj</name>
      </input_file>
      <input_file id="fl-e2">
         <path>C:\ti\ccsv8\tools\compiler\ti-cgt-arm_18.1.8.LTS\lib\</path>
         <kind>archive</kind>
         <file>rtsv7M4_T_le_v4SPD16_eabi.lib</file>
         <name>ull_div_t2.asm.obj</name>
      </input_file>
      <input_file id="fl-e3">
         <path>C:\ti\ccsv8\tools\compiler\ti-cgt-arm_18.1.8.LTS\lib\</path>
         <kind>archive</kind>
         <file>rtsv7M4_T_le_v4SPD16_eabi.lib</file>
         <name>s_copysign.c.obj</name>
      </input_file>
      <input_file id="fl-e4">
         <path>C:\ti\ccsv8\tools\compiler\ti-cgt-arm_18.1.8.LTS\lib\</path>
         <kind>archive</kind>
         <file>rtsv7M4_T_le_v4SPD16_eabi.lib</file>
         <name>div0.asm.obj</name>
      </input_file>
   </input_file_list>
   <object_component_list>
      <object_component id="oc-23">
         <name>.intvecs:retain</name>
         <load_address>0x0</load_address>
         <run_address>0x0</run_address>
         <size>0xe4</size>
         <input_file_ref idref="fl-8"/>
      </object_component>
      <object_component id="oc-18a">
         <name>.text:__TI_printfi</name>
         <load_address>0xe8</load_address>
         <run_address>0xe8</run_address>
         <size>0xa5e</size>
         <input_file_ref idref="fl-d0"/>
      </object_component>
      <object_component id="oc-1ac">
         <name>.text:_nop</name>
         <load_address>0xb46</load_address>
         <run_address>0xb46</run_address>
         <size>0x2</size>
         <input_file_ref idref="fl-cf"/>
      </object_component>
      <object_component id="oc-a7">
         <name>.text</name>
         <load_address>0xb48</load_address>
         <run_address>0xb48</run_address>
         <size>0x480</size>
         <input_file_ref idref="fl-9"/>
      </object_component>
      <object_component id="oc-cf">
         <name>.text</name>
         <load_address>0xfc8</load_address>
         <run_address>0xfc8</run_address>
         <size>0x2aa</size>
         <input_file_ref idref="fl-4"/>
      </object_component>
      <object_component id="oc-2b4">
         <name>.text</name>
         <load_address>0x1272</load_address>
         <run_address>0x1272</run_address>
         <size>0x2</size>
         <input_file_ref idref="fl-e4"/>
      </object_component>
      <object_component id="oc-1f0">
         <name>.text:_pconv_a</name>
         <load_address>0x1274</load_address>
         <run_address>0x1274</run_address>
         <size>0x270</size>
         <input_file_ref idref="fl-d0"/>
      </object_component>
      <object_component id="oc-1de">
         <name>.text:_pconv_g</name>
         <load_address>0x14e4</load_address>
         <run_address>0x14e4</run_address>
         <size>0x1d0</size>
         <input_file_ref idref="fl-d0"/>
      </object_component>
      <object_component id="oc-25b">
         <name>.text</name>
         <load_address>0x16b4</load_address>
         <run_address>0x16b4</run_address>
         <size>0x1b6</size>
         <input_file_ref idref="fl-dc"/>
      </object_component>
      <object_component id="oc-1ea">
         <name>.text:_pconv_e</name>
         <load_address>0x186c</load_address>
         <run_address>0x186c</run_address>
         <size>0x13c</size>
         <input_file_ref idref="fl-d0"/>
      </object_component>
      <object_component id="oc-241">
         <name>.text</name>
         <load_address>0x19a8</load_address>
         <run_address>0x19a8</run_address>
         <size>0x136</size>
         <input_file_ref idref="fl-de"/>
      </object_component>
      <object_component id="oc-c9">
         <name>.text</name>
         <load_address>0x1ae0</load_address>
         <run_address>0x1ae0</run_address>
         <size>0x12c</size>
         <input_file_ref idref="fl-7"/>
      </object_component>
      <object_component id="oc-26d">
         <name>.text:fcvt</name>
         <load_address>0x1c0c</load_address>
         <run_address>0x1c0c</run_address>
         <size>0x124</size>
         <input_file_ref idref="fl-d0"/>
      </object_component>
      <object_component id="oc-281">
         <name>.text:scalbn</name>
         <load_address>0x1d30</load_address>
         <run_address>0x1d30</run_address>
         <size>0x110</size>
         <input_file_ref idref="fl-db"/>
      </object_component>
      <object_component id="oc-95">
         <name>.text</name>
         <load_address>0x1e40</load_address>
         <run_address>0x1e40</run_address>
         <size>0x108</size>
         <input_file_ref idref="fl-2"/>
      </object_component>
      <object_component id="oc-23c">
         <name>.text</name>
         <load_address>0x1f48</load_address>
         <run_address>0x1f48</run_address>
         <size>0xfc</size>
         <input_file_ref idref="fl-df"/>
      </object_component>
      <object_component id="oc-199">
         <name>.text:_outc</name>
         <load_address>0x2044</load_address>
         <run_address>0x2044</run_address>
         <size>0x4</size>
         <input_file_ref idref="fl-c6"/>
      </object_component>
      <object_component id="oc-d8">
         <name>.text</name>
         <load_address>0x2048</load_address>
         <run_address>0x2048</run_address>
         <size>0xf6</size>
         <input_file_ref idref="fl-6"/>
      </object_component>
      <object_component id="oc-1d3">
         <name>.text:_ltostr</name>
         <load_address>0x2140</load_address>
         <run_address>0x2140</run_address>
         <size>0xb1</size>
         <input_file_ref idref="fl-d0"/>
      </object_component>
      <object_component id="oc-34">
         <name>.text</name>
         <load_address>0x21f2</load_address>
         <run_address>0x21f2</run_address>
         <size>0x9c</size>
         <input_file_ref idref="fl-c9"/>
      </object_component>
      <object_component id="oc-235">
         <name>.text</name>
         <load_address>0x228e</load_address>
         <run_address>0x228e</run_address>
         <size>0x96</size>
         <input_file_ref idref="fl-e2"/>
      </object_component>
      <object_component id="oc-1d9">
         <name>.text:__aeabi_cdcmple</name>
         <load_address>0x2324</load_address>
         <run_address>0x2324</run_address>
         <size>0x86</size>
         <input_file_ref idref="fl-dd"/>
      </object_component>
      <object_component id="oc-246">
         <name>.text:__aeabi_cdrcmple</name>
         <load_address>0x23aa</load_address>
         <run_address>0x23aa</run_address>
         <size>0x86</size>
         <input_file_ref idref="fl-dd"/>
      </object_component>
      <object_component id="oc-89">
         <name>.text</name>
         <load_address>0x2430</load_address>
         <run_address>0x2430</run_address>
         <size>0x7a</size>
         <input_file_ref idref="fl-ca"/>
      </object_component>
      <object_component id="oc-266">
         <name>.text:_mcpy</name>
         <load_address>0x24aa</load_address>
         <run_address>0x24aa</run_address>
         <size>0x6e</size>
         <input_file_ref idref="fl-d0"/>
      </object_component>
      <object_component id="oc-14">
         <name>.text:decompress:lzss:__TI_decompress_lzss</name>
         <load_address>0x2518</load_address>
         <run_address>0x2518</run_address>
         <size>0x68</size>
         <input_file_ref idref="fl-c5"/>
      </object_component>
      <object_component id="oc-156">
         <name>.text:printf</name>
         <load_address>0x2580</load_address>
         <run_address>0x2580</run_address>
         <size>0x68</size>
         <input_file_ref idref="fl-c6"/>
      </object_component>
      <object_component id="oc-27b">
         <name>.text:frexp</name>
         <load_address>0x25e8</load_address>
         <run_address>0x25e8</run_address>
         <size>0x64</size>
         <input_file_ref idref="fl-da"/>
      </object_component>
      <object_component id="oc-1e4">
         <name>.text:_pconv_f</name>
         <load_address>0x264c</load_address>
         <run_address>0x264c</run_address>
         <size>0x56</size>
         <input_file_ref idref="fl-d0"/>
      </object_component>
      <object_component id="oc-250">
         <name>.text:ltoa</name>
         <load_address>0x26a2</load_address>
         <run_address>0x26a2</run_address>
         <size>0x54</size>
         <input_file_ref idref="fl-d5"/>
      </object_component>
      <object_component id="oc-6a">
         <name>.text</name>
         <load_address>0x26f8</load_address>
         <run_address>0x26f8</run_address>
         <size>0x52</size>
         <input_file_ref idref="fl-5"/>
      </object_component>
      <object_component id="oc-260">
         <name>.text:_ecpy</name>
         <load_address>0x274a</load_address>
         <run_address>0x274a</run_address>
         <size>0x52</size>
         <input_file_ref idref="fl-d0"/>
      </object_component>
      <object_component id="oc-1cd">
         <name>.text:atoi</name>
         <load_address>0x279c</load_address>
         <run_address>0x279c</run_address>
         <size>0x4c</size>
         <input_file_ref idref="fl-d2"/>
      </object_component>
      <object_component id="oc-24b">
         <name>.text</name>
         <load_address>0x27e8</load_address>
         <run_address>0x27e8</run_address>
         <size>0x48</size>
         <input_file_ref idref="fl-e0"/>
      </object_component>
      <object_component id="oc-f0">
         <name>.text:__TI_auto_init_nobinit_nopinit:__TI_auto_init_nobinit_nopinit</name>
         <load_address>0x2830</load_address>
         <run_address>0x2830</run_address>
         <size>0x44</size>
         <input_file_ref idref="fl-cb"/>
      </object_component>
      <object_component id="oc-273">
         <name>.text:_fcpy</name>
         <load_address>0x2874</load_address>
         <run_address>0x2874</run_address>
         <size>0x3e</size>
         <input_file_ref idref="fl-d0"/>
      </object_component>
      <object_component id="oc-52">
         <name>.text:_c_int00_noargs:_c_int00_noargs</name>
         <load_address>0x28b4</load_address>
         <run_address>0x28b4</run_address>
         <size>0x38</size>
         <input_file_ref idref="fl-c8"/>
      </object_component>
      <object_component id="oc-256">
         <name>.text</name>
         <load_address>0x28ec</load_address>
         <run_address>0x28ec</run_address>
         <size>0x2e</size>
         <input_file_ref idref="fl-e1"/>
      </object_component>
      <object_component id="oc-151">
         <name>.text</name>
         <load_address>0x291a</load_address>
         <run_address>0x291a</run_address>
         <size>0x24</size>
         <input_file_ref idref="fl-3"/>
      </object_component>
      <object_component id="oc-1f6">
         <name>.text:memccpy</name>
         <load_address>0x293e</load_address>
         <run_address>0x293e</run_address>
         <size>0x1c</size>
         <input_file_ref idref="fl-d6"/>
      </object_component>
      <object_component id="oc-287">
         <name>.text:strchr</name>
         <load_address>0x295a</load_address>
         <run_address>0x295a</run_address>
         <size>0x16</size>
         <input_file_ref idref="fl-d7"/>
      </object_component>
      <object_component id="oc-2cd">
         <name>.text:copysign</name>
         <load_address>0x2970</load_address>
         <run_address>0x2970</run_address>
         <size>0x14</size>
         <input_file_ref idref="fl-e3"/>
      </object_component>
      <object_component id="oc-13c">
         <name>.text:strlen</name>
         <load_address>0x2984</load_address>
         <run_address>0x2984</run_address>
         <size>0x14</size>
         <input_file_ref idref="fl-c7"/>
      </object_component>
      <object_component id="oc-64">
         <name>.text</name>
         <load_address>0x2998</load_address>
         <run_address>0x2998</run_address>
         <size>0x12</size>
         <input_file_ref idref="fl-8"/>
      </object_component>
      <object_component id="oc-1fc">
         <name>.text:wcslen</name>
         <load_address>0x29aa</load_address>
         <run_address>0x29aa</run_address>
         <size>0x12</size>
         <input_file_ref idref="fl-d9"/>
      </object_component>
      <object_component id="oc-1a">
         <name>.text:decompress:none:__TI_decompress_none</name>
         <load_address>0x29bc</load_address>
         <run_address>0x29bc</run_address>
         <size>0xe</size>
         <input_file_ref idref="fl-c4"/>
      </object_component>
      <object_component id="oc-46">
         <name>.text:decompress:ZI:__TI_zero_init</name>
         <load_address>0x29ca</load_address>
         <run_address>0x29ca</run_address>
         <size>0xc</size>
         <input_file_ref idref="fl-c3"/>
      </object_component>
      <object_component id="oc-202">
         <name>.text:__aeabi_errno_addr</name>
         <load_address>0x29d8</load_address>
         <run_address>0x29d8</run_address>
         <size>0x8</size>
         <input_file_ref idref="fl-d8"/>
      </object_component>
      <object_component id="oc-193">
         <name>.text:_outs</name>
         <load_address>0x29e0</load_address>
         <run_address>0x29e0</run_address>
         <size>0x4</size>
         <input_file_ref idref="fl-c6"/>
      </object_component>
      <object_component id="oc-8f">
         <name>.text:_system_pre_init</name>
         <load_address>0x29e4</load_address>
         <run_address>0x29e4</run_address>
         <size>0x4</size>
         <input_file_ref idref="fl-cc"/>
      </object_component>
      <object_component id="oc-e4">
         <name>.text:abort:abort</name>
         <load_address>0x29e8</load_address>
         <run_address>0x29e8</run_address>
         <size>0x4</size>
         <input_file_ref idref="fl-ce"/>
      </object_component>
      <object_component id="oc-230">
         <name>.const:.string:_ctypes_</name>
         <load_address>0x29ec</load_address>
         <run_address>0x29ec</run_address>
         <size>0x101</size>
         <input_file_ref idref="fl-d3"/>
      </object_component>
      <object_component id="oc-329">
         <name>.cinit..data.load</name>
         <load_address>0x2af0</load_address>
         <run_address>0x2af0</run_address>
         <size>0x2f</size>
      </object_component>
      <object_component id="oc-327">
         <name>__TI_handler_table</name>
         <load_address>0x2b20</load_address>
         <run_address>0x2b20</run_address>
         <size>0xc</size>
      </object_component>
      <object_component id="oc-32a">
         <name>.cinit..bss.load</name>
         <load_address>0x2b30</load_address>
         <run_address>0x2b30</run_address>
         <size>0x8</size>
      </object_component>
      <object_component id="oc-328">
         <name>__TI_cinit_table</name>
         <load_address>0x2b38</load_address>
         <run_address>0x2b38</run_address>
         <size>0x10</size>
      </object_component>
      <object_component id="oc-2fc">
         <name>.binit</name>
         <load_address>0x0</load_address>
         <run_address>0x0</run_address>
         <size>0x0</size>
      </object_component>
      <object_component id="oc-15c">
         <name>.data</name>
         <load_address>0x20000a78</load_address>
         <run_address>0x20000a78</run_address>
         <size>0x4</size>
         <input_file_ref idref="fl-2"/>
      </object_component>
      <object_component id="oc-14e">
         <name>.data</name>
         <load_address>0x20000a7c</load_address>
         <run_address>0x20000a7c</run_address>
         <size>0x4</size>
         <input_file_ref idref="fl-6"/>
      </object_component>
      <object_component id="oc-122">
         <name>.data</name>
         <load_address>0x20000a84</load_address>
         <run_address>0x20000a84</run_address>
         <size>0x4</size>
         <input_file_ref idref="fl-9"/>
      </object_component>
      <object_component id="oc-165">
         <name>.data:$O1$$</name>
         <load_address>0x20000a70</load_address>
         <run_address>0x20000a70</run_address>
         <size>0x8</size>
         <input_file_ref idref="fl-cf"/>
      </object_component>
      <object_component id="oc-190">
         <name>.data:_ftable</name>
         <load_address>0x20000980</load_address>
         <run_address>0x20000980</run_address>
         <size>0xf0</size>
         <input_file_ref idref="fl-d4"/>
      </object_component>
      <object_component id="oc-297">
         <name>.data</name>
         <load_address>0x20000a80</load_address>
         <run_address>0x20000a80</run_address>
         <size>0x4</size>
         <input_file_ref idref="fl-d8"/>
      </object_component>
      <object_component id="oc-d5">
         <name>.common:threadlock</name>
         <uninitialized>true</uninitialized>
         <run_address>0x2000097c</run_address>
         <size>0x4</size>
      </object_component>
      <object_component id="oc-145">
         <name>.common:tcbs</name>
         <uninitialized>true</uninitialized>
         <run_address>0x20000960</run_address>
         <size>0x18</size>
      </object_component>
      <object_component id="oc-ae">
         <name>.common:RunPt</name>
         <uninitialized>true</uninitialized>
         <run_address>0x20000978</run_address>
         <size>0x4</size>
      </object_component>
      <object_component id="oc-144">
         <name>.common:Stacks</name>
         <uninitialized>true</uninitialized>
         <run_address>0x20000000</run_address>
         <size>0x960</size>
      </object_component>
      <object_component id="oc-26">
         <name>.stack</name>
         <uninitialized>true</uninitialized>
         <run_address>0x2000f000</run_address>
         <size>0x4</size>
         <input_file_ref idref="fl-c8"/>
      </object_component>
      <object_component id="oc-32b">
         <name>.stack</name>
         <uninitialized>true</uninitialized>
         <run_address>0x2000f000</run_address>
         <size>0x0</size>
      </object_component>
      <object_component id="oc-d6">
         <name>.debug_info</name>
         <load_address>0x0</load_address>
         <run_address>0x0</run_address>
         <size>0x71c</size>
         <input_file_ref idref="fl-2"/>
      </object_component>
      <object_component id="oc-15d">
         <name>.debug_info</name>
         <load_address>0x71c</load_address>
         <run_address>0x71c</run_address>
         <size>0xd7</size>
         <input_file_ref idref="fl-2"/>
      </object_component>
      <object_component id="oc-96">
         <name>.debug_info</name>
         <load_address>0x7f3</load_address>
         <run_address>0x7f3</run_address>
         <size>0x424</size>
         <input_file_ref idref="fl-2"/>
      </object_component>
      <object_component id="oc-128">
         <name>.debug_info</name>
         <load_address>0xc17</load_address>
         <run_address>0xc17</run_address>
         <size>0x37e2</size>
         <input_file_ref idref="fl-2"/>
      </object_component>
      <object_component id="oc-b4">
         <name>.debug_info</name>
         <load_address>0x43f9</load_address>
         <run_address>0x43f9</run_address>
         <size>0x26b</size>
         <input_file_ref idref="fl-2"/>
      </object_component>
      <object_component id="oc-12d">
         <name>.debug_info</name>
         <load_address>0x4664</load_address>
         <run_address>0x4664</run_address>
         <size>0x1055</size>
         <input_file_ref idref="fl-2"/>
      </object_component>
      <object_component id="oc-2f">
         <name>.debug_info</name>
         <load_address>0x56b9</load_address>
         <run_address>0x56b9</run_address>
         <size>0x84</size>
         <input_file_ref idref="fl-2"/>
      </object_component>
      <object_component id="oc-137">
         <name>.debug_info</name>
         <load_address>0x573d</load_address>
         <run_address>0x573d</run_address>
         <size>0x297</size>
         <input_file_ref idref="fl-2"/>
      </object_component>
      <object_component id="oc-df">
         <name>.debug_info</name>
         <load_address>0x59d4</load_address>
         <run_address>0x59d4</run_address>
         <size>0xbb</size>
         <input_file_ref idref="fl-2"/>
      </object_component>
      <object_component id="oc-149">
         <name>.debug_info</name>
         <load_address>0x5a8f</load_address>
         <run_address>0x5a8f</run_address>
         <size>0xcc</size>
         <input_file_ref idref="fl-2"/>
      </object_component>
      <object_component id="oc-1a1">
         <name>.debug_info</name>
         <load_address>0x5b5b</load_address>
         <run_address>0x5b5b</run_address>
         <size>0x2c</size>
         <input_file_ref idref="fl-2"/>
      </object_component>
      <object_component id="oc-153">
         <name>.debug_info</name>
         <load_address>0x5b87</load_address>
         <run_address>0x5b87</run_address>
         <size>0xfe</size>
         <input_file_ref idref="fl-3"/>
      </object_component>
      <object_component id="oc-af">
         <name>.debug_info</name>
         <load_address>0x5c85</load_address>
         <run_address>0x5c85</run_address>
         <size>0x63d</size>
         <input_file_ref idref="fl-4"/>
      </object_component>
      <object_component id="oc-d0">
         <name>.debug_info</name>
         <load_address>0x62c2</load_address>
         <run_address>0x62c2</run_address>
         <size>0x45e</size>
         <input_file_ref idref="fl-4"/>
      </object_component>
      <object_component id="oc-132">
         <name>.debug_info</name>
         <load_address>0x6720</load_address>
         <run_address>0x6720</run_address>
         <size>0x62</size>
         <input_file_ref idref="fl-4"/>
      </object_component>
      <object_component id="oc-6b">
         <name>.debug_info</name>
         <load_address>0x6782</load_address>
         <run_address>0x6782</run_address>
         <size>0x1a6</size>
         <input_file_ref idref="fl-5"/>
      </object_component>
      <object_component id="oc-160">
         <name>.debug_info</name>
         <load_address>0x6928</load_address>
         <run_address>0x6928</run_address>
         <size>0x642</size>
         <input_file_ref idref="fl-6"/>
      </object_component>
      <object_component id="oc-14f">
         <name>.debug_info</name>
         <load_address>0x6f6a</load_address>
         <run_address>0x6f6a</run_address>
         <size>0xd8</size>
         <input_file_ref idref="fl-6"/>
      </object_component>
      <object_component id="oc-da">
         <name>.debug_info</name>
         <load_address>0x7042</load_address>
         <run_address>0x7042</run_address>
         <size>0x244</size>
         <input_file_ref idref="fl-6"/>
      </object_component>
      <object_component id="oc-143">
         <name>.debug_info</name>
         <load_address>0x7286</load_address>
         <run_address>0x7286</run_address>
         <size>0x584</size>
         <input_file_ref idref="fl-7"/>
      </object_component>
      <object_component id="oc-ca">
         <name>.debug_info</name>
         <load_address>0x780a</load_address>
         <run_address>0x780a</run_address>
         <size>0x237</size>
         <input_file_ref idref="fl-7"/>
      </object_component>
      <object_component id="oc-71">
         <name>.debug_info</name>
         <load_address>0x7a41</load_address>
         <run_address>0x7a41</run_address>
         <size>0x2d2</size>
         <input_file_ref idref="fl-8"/>
      </object_component>
      <object_component id="oc-24">
         <name>.debug_info</name>
         <load_address>0x7d13</load_address>
         <run_address>0x7d13</run_address>
         <size>0xfe</size>
         <input_file_ref idref="fl-8"/>
      </object_component>
      <object_component id="oc-65">
         <name>.debug_info</name>
         <load_address>0x7e11</load_address>
         <run_address>0x7e11</run_address>
         <size>0x1c5</size>
         <input_file_ref idref="fl-8"/>
      </object_component>
      <object_component id="oc-123">
         <name>.debug_info</name>
         <load_address>0x7fd6</load_address>
         <run_address>0x7fd6</run_address>
         <size>0xf7</size>
         <input_file_ref idref="fl-9"/>
      </object_component>
      <object_component id="oc-ab">
         <name>.debug_info</name>
         <load_address>0x80cd</load_address>
         <run_address>0x80cd</run_address>
         <size>0x269</size>
         <input_file_ref idref="fl-9"/>
      </object_component>
      <object_component id="oc-88">
         <name>.debug_info</name>
         <load_address>0x8336</load_address>
         <run_address>0x8336</run_address>
         <size>0x31b</size>
         <input_file_ref idref="fl-c3"/>
      </object_component>
      <object_component id="oc-47">
         <name>.debug_info</name>
         <load_address>0x8651</load_address>
         <run_address>0x8651</run_address>
         <size>0x1b2</size>
         <input_file_ref idref="fl-c3"/>
      </object_component>
      <object_component id="oc-83">
         <name>.debug_info</name>
         <load_address>0x8803</load_address>
         <run_address>0x8803</run_address>
         <size>0x46</size>
         <input_file_ref idref="fl-c3"/>
      </object_component>
      <object_component id="oc-c0">
         <name>.debug_info</name>
         <load_address>0x8849</load_address>
         <run_address>0x8849</run_address>
         <size>0x2c</size>
         <input_file_ref idref="fl-c3"/>
      </object_component>
      <object_component id="oc-3f">
         <name>.debug_info</name>
         <load_address>0x8875</load_address>
         <run_address>0x8875</run_address>
         <size>0x2a5</size>
         <input_file_ref idref="fl-c4"/>
      </object_component>
      <object_component id="oc-1e">
         <name>.debug_info</name>
         <load_address>0x8b1a</load_address>
         <run_address>0x8b1a</run_address>
         <size>0x1e7</size>
         <input_file_ref idref="fl-c4"/>
      </object_component>
      <object_component id="oc-3a">
         <name>.debug_info</name>
         <load_address>0x8d01</load_address>
         <run_address>0x8d01</run_address>
         <size>0x46</size>
         <input_file_ref idref="fl-c4"/>
      </object_component>
      <object_component id="oc-7b">
         <name>.debug_info</name>
         <load_address>0x8d47</load_address>
         <run_address>0x8d47</run_address>
         <size>0x2c</size>
         <input_file_ref idref="fl-c4"/>
      </object_component>
      <object_component id="oc-79">
         <name>.debug_info</name>
         <load_address>0x8d73</load_address>
         <run_address>0x8d73</run_address>
         <size>0x29b</size>
         <input_file_ref idref="fl-c5"/>
      </object_component>
      <object_component id="oc-15">
         <name>.debug_info</name>
         <load_address>0x900e</load_address>
         <run_address>0x900e</run_address>
         <size>0x24d</size>
         <input_file_ref idref="fl-c5"/>
      </object_component>
      <object_component id="oc-2a">
         <name>.debug_info</name>
         <load_address>0x925b</load_address>
         <run_address>0x925b</run_address>
         <size>0x60</size>
         <input_file_ref idref="fl-c5"/>
      </object_component>
      <object_component id="oc-b9">
         <name>.debug_info</name>
         <load_address>0x92bb</load_address>
         <run_address>0x92bb</run_address>
         <size>0x46</size>
         <input_file_ref idref="fl-c5"/>
      </object_component>
      <object_component id="oc-74">
         <name>.debug_info</name>
         <load_address>0x9301</load_address>
         <run_address>0x9301</run_address>
         <size>0x39</size>
         <input_file_ref idref="fl-c5"/>
      </object_component>
      <object_component id="oc-1a0">
         <name>.debug_info</name>
         <load_address>0x933a</load_address>
         <run_address>0x933a</run_address>
         <size>0x3e2</size>
         <input_file_ref idref="fl-c6"/>
      </object_component>
      <object_component id="oc-19d">
         <name>.debug_info</name>
         <load_address>0x971c</load_address>
         <run_address>0x971c</run_address>
         <size>0x154</size>
         <input_file_ref idref="fl-c6"/>
      </object_component>
      <object_component id="oc-197">
         <name>.debug_info</name>
         <load_address>0x9870</load_address>
         <run_address>0x9870</run_address>
         <size>0x163</size>
         <input_file_ref idref="fl-c6"/>
      </object_component>
      <object_component id="oc-159">
         <name>.debug_info</name>
         <load_address>0x99d3</load_address>
         <run_address>0x99d3</run_address>
         <size>0x1a9</size>
         <input_file_ref idref="fl-c6"/>
      </object_component>
      <object_component id="oc-21c">
         <name>.debug_info</name>
         <load_address>0x9b7c</load_address>
         <run_address>0x9b7c</run_address>
         <size>0xb2</size>
         <input_file_ref idref="fl-c6"/>
      </object_component>
      <object_component id="oc-184">
         <name>.debug_info</name>
         <load_address>0x9c2e</load_address>
         <run_address>0x9c2e</run_address>
         <size>0x28c</size>
         <input_file_ref idref="fl-c7"/>
      </object_component>
      <object_component id="oc-140">
         <name>.debug_info</name>
         <load_address>0x9eba</load_address>
         <run_address>0x9eba</run_address>
         <size>0x242</size>
         <input_file_ref idref="fl-c7"/>
      </object_component>
      <object_component id="oc-27">
         <name>.debug_info</name>
         <load_address>0xa0fc</load_address>
         <run_address>0xa0fc</run_address>
         <size>0x108</size>
         <input_file_ref idref="fl-c8"/>
      </object_component>
      <object_component id="oc-53">
         <name>.debug_info</name>
         <load_address>0xa204</load_address>
         <run_address>0xa204</run_address>
         <size>0x1ac</size>
         <input_file_ref idref="fl-c8"/>
      </object_component>
      <object_component id="oc-37">
         <name>.debug_info</name>
         <load_address>0xa3b0</load_address>
         <run_address>0xa3b0</run_address>
         <size>0x119</size>
         <input_file_ref idref="fl-c9"/>
      </object_component>
      <object_component id="oc-8c">
         <name>.debug_info</name>
         <load_address>0xa4c9</load_address>
         <run_address>0xa4c9</run_address>
         <size>0x147</size>
         <input_file_ref idref="fl-ca"/>
      </object_component>
      <object_component id="oc-16c">
         <name>.debug_info</name>
         <load_address>0xa610</load_address>
         <run_address>0xa610</run_address>
         <size>0x54f</size>
         <input_file_ref idref="fl-cb"/>
      </object_component>
      <object_component id="oc-f2">
         <name>.debug_info</name>
         <load_address>0xab5f</load_address>
         <run_address>0xab5f</run_address>
         <size>0x1a3</size>
         <input_file_ref idref="fl-cb"/>
      </object_component>
      <object_component id="oc-1ba">
         <name>.debug_info</name>
         <load_address>0xad02</load_address>
         <run_address>0xad02</run_address>
         <size>0x39</size>
         <input_file_ref idref="fl-cb"/>
      </object_component>
      <object_component id="oc-224">
         <name>.debug_info</name>
         <load_address>0xad3b</load_address>
         <run_address>0xad3b</run_address>
         <size>0x39</size>
         <input_file_ref idref="fl-cb"/>
      </object_component>
      <object_component id="oc-1bf">
         <name>.debug_info</name>
         <load_address>0xad74</load_address>
         <run_address>0xad74</run_address>
         <size>0x39</size>
         <input_file_ref idref="fl-cb"/>
      </object_component>
      <object_component id="oc-1c4">
         <name>.debug_info</name>
         <load_address>0xadad</load_address>
         <run_address>0xadad</run_address>
         <size>0xcd</size>
         <input_file_ref idref="fl-cb"/>
      </object_component>
      <object_component id="oc-92">
         <name>.debug_info</name>
         <load_address>0xae7a</load_address>
         <run_address>0xae7a</run_address>
         <size>0x150</size>
         <input_file_ref idref="fl-cc"/>
      </object_component>
      <object_component id="oc-e7">
         <name>.debug_info</name>
         <load_address>0xafca</load_address>
         <run_address>0xafca</run_address>
         <size>0x11f</size>
         <input_file_ref idref="fl-ce"/>
      </object_component>
      <object_component id="oc-1b4">
         <name>.debug_info</name>
         <load_address>0xb0e9</load_address>
         <run_address>0xb0e9</run_address>
         <size>0x2c6</size>
         <input_file_ref idref="fl-cf"/>
      </object_component>
      <object_component id="oc-166">
         <name>.debug_info</name>
         <load_address>0xb3af</load_address>
         <run_address>0xb3af</run_address>
         <size>0x11b</size>
         <input_file_ref idref="fl-cf"/>
      </object_component>
      <object_component id="oc-1ad">
         <name>.debug_info</name>
         <load_address>0xb4ca</load_address>
         <run_address>0xb4ca</run_address>
         <size>0x12b</size>
         <input_file_ref idref="fl-cf"/>
      </object_component>
      <object_component id="oc-209">
         <name>.debug_info</name>
         <load_address>0xb5f5</load_address>
         <run_address>0xb5f5</run_address>
         <size>0x8ae</size>
         <input_file_ref idref="fl-d0"/>
      </object_component>
      <object_component id="oc-1d6">
         <name>.debug_info</name>
         <load_address>0xbea3</load_address>
         <run_address>0xbea3</run_address>
         <size>0x21b</size>
         <input_file_ref idref="fl-d0"/>
      </object_component>
      <object_component id="oc-263">
         <name>.debug_info</name>
         <load_address>0xc0be</load_address>
         <run_address>0xc0be</run_address>
         <size>0x1b0</size>
         <input_file_ref idref="fl-d0"/>
      </object_component>
      <object_component id="oc-269">
         <name>.debug_info</name>
         <load_address>0xc26e</load_address>
         <run_address>0xc26e</run_address>
         <size>0x218</size>
         <input_file_ref idref="fl-d0"/>
      </object_component>
      <object_component id="oc-1e1">
         <name>.debug_info</name>
         <load_address>0xc486</load_address>
         <run_address>0xc486</run_address>
         <size>0x3b8</size>
         <input_file_ref idref="fl-d0"/>
      </object_component>
      <object_component id="oc-270">
         <name>.debug_info</name>
         <load_address>0xc83e</load_address>
         <run_address>0xc83e</run_address>
         <size>0x302</size>
         <input_file_ref idref="fl-d0"/>
      </object_component>
      <object_component id="oc-276">
         <name>.debug_info</name>
         <load_address>0xcb40</load_address>
         <run_address>0xcb40</run_address>
         <size>0x212</size>
         <input_file_ref idref="fl-d0"/>
      </object_component>
      <object_component id="oc-1e7">
         <name>.debug_info</name>
         <load_address>0xcd52</load_address>
         <run_address>0xcd52</run_address>
         <size>0x212</size>
         <input_file_ref idref="fl-d0"/>
      </object_component>
      <object_component id="oc-1ed">
         <name>.debug_info</name>
         <load_address>0xcf64</load_address>
         <run_address>0xcf64</run_address>
         <size>0x301</size>
         <input_file_ref idref="fl-d0"/>
      </object_component>
      <object_component id="oc-1f3">
         <name>.debug_info</name>
         <load_address>0xd265</load_address>
         <run_address>0xd265</run_address>
         <size>0x4ad</size>
         <input_file_ref idref="fl-d0"/>
      </object_component>
      <object_component id="oc-18d">
         <name>.debug_info</name>
         <load_address>0xd712</load_address>
         <run_address>0xd712</run_address>
         <size>0x5d5</size>
         <input_file_ref idref="fl-d0"/>
      </object_component>
      <object_component id="oc-20a">
         <name>.debug_info</name>
         <load_address>0xdce7</load_address>
         <run_address>0xdce7</run_address>
         <size>0x86</size>
         <input_file_ref idref="fl-d0"/>
      </object_component>
      <object_component id="oc-2a3">
         <name>.debug_info</name>
         <load_address>0xdd6d</load_address>
         <run_address>0xdd6d</run_address>
         <size>0x39</size>
         <input_file_ref idref="fl-d0"/>
      </object_component>
      <object_component id="oc-2e4">
         <name>.debug_info</name>
         <load_address>0xdda6</load_address>
         <run_address>0xdda6</run_address>
         <size>0xb6</size>
         <input_file_ref idref="fl-d0"/>
      </object_component>
      <object_component id="oc-2a8">
         <name>.debug_info</name>
         <load_address>0xde5c</load_address>
         <run_address>0xde5c</run_address>
         <size>0x46</size>
         <input_file_ref idref="fl-d0"/>
      </object_component>
      <object_component id="oc-20f">
         <name>.debug_info</name>
         <load_address>0xdea2</load_address>
         <run_address>0xdea2</run_address>
         <size>0x46</size>
         <input_file_ref idref="fl-d0"/>
      </object_component>
      <object_component id="oc-29e">
         <name>.debug_info</name>
         <load_address>0xdee8</load_address>
         <run_address>0xdee8</run_address>
         <size>0x2c</size>
         <input_file_ref idref="fl-d0"/>
      </object_component>
      <object_component id="oc-234">
         <name>.debug_info</name>
         <load_address>0xdf14</load_address>
         <run_address>0xdf14</run_address>
         <size>0x2b6</size>
         <input_file_ref idref="fl-d2"/>
      </object_component>
      <object_component id="oc-1cf">
         <name>.debug_info</name>
         <load_address>0xe1ca</load_address>
         <run_address>0xe1ca</run_address>
         <size>0x179</size>
         <input_file_ref idref="fl-d2"/>
      </object_component>
      <object_component id="oc-2b1">
         <name>.debug_info</name>
         <load_address>0xe343</load_address>
         <run_address>0xe343</run_address>
         <size>0xf6</size>
         <input_file_ref idref="fl-d3"/>
      </object_component>
      <object_component id="oc-231">
         <name>.debug_info</name>
         <load_address>0xe439</load_address>
         <run_address>0xe439</run_address>
         <size>0x102</size>
         <input_file_ref idref="fl-d3"/>
      </object_component>
      <object_component id="oc-216">
         <name>.debug_info</name>
         <load_address>0xe53b</load_address>
         <run_address>0xe53b</run_address>
         <size>0x141</size>
         <input_file_ref idref="fl-d4"/>
      </object_component>
      <object_component id="oc-191">
         <name>.debug_info</name>
         <load_address>0xe67c</load_address>
         <run_address>0xe67c</run_address>
         <size>0xff</size>
         <input_file_ref idref="fl-d4"/>
      </object_component>
      <object_component id="oc-2bf">
         <name>.debug_info</name>
         <load_address>0xe77b</load_address>
         <run_address>0xe77b</run_address>
         <size>0x298</size>
         <input_file_ref idref="fl-d5"/>
      </object_component>
      <object_component id="oc-251">
         <name>.debug_info</name>
         <load_address>0xea13</load_address>
         <run_address>0xea13</run_address>
         <size>0x1ca</size>
         <input_file_ref idref="fl-d5"/>
      </object_component>
      <object_component id="oc-28f">
         <name>.debug_info</name>
         <load_address>0xebdd</load_address>
         <run_address>0xebdd</run_address>
         <size>0x293</size>
         <input_file_ref idref="fl-d6"/>
      </object_component>
      <object_component id="oc-1f7">
         <name>.debug_info</name>
         <load_address>0xee70</load_address>
         <run_address>0xee70</run_address>
         <size>0x1b3</size>
         <input_file_ref idref="fl-d6"/>
      </object_component>
      <object_component id="oc-2d6">
         <name>.debug_info</name>
         <load_address>0xf023</load_address>
         <run_address>0xf023</run_address>
         <size>0x297</size>
         <input_file_ref idref="fl-d7"/>
      </object_component>
      <object_component id="oc-288">
         <name>.debug_info</name>
         <load_address>0xf2ba</load_address>
         <run_address>0xf2ba</run_address>
         <size>0x25f</size>
         <input_file_ref idref="fl-d7"/>
      </object_component>
      <object_component id="oc-29b">
         <name>.debug_info</name>
         <load_address>0xf519</load_address>
         <run_address>0xf519</run_address>
         <size>0x286</size>
         <input_file_ref idref="fl-d8"/>
      </object_component>
      <object_component id="oc-298">
         <name>.debug_info</name>
         <load_address>0xf79f</load_address>
         <run_address>0xf79f</run_address>
         <size>0x10b</size>
         <input_file_ref idref="fl-d8"/>
      </object_component>
      <object_component id="oc-206">
         <name>.debug_info</name>
         <load_address>0xf8aa</load_address>
         <run_address>0xf8aa</run_address>
         <size>0x14b</size>
         <input_file_ref idref="fl-d8"/>
      </object_component>
      <object_component id="oc-296">
         <name>.debug_info</name>
         <load_address>0xf9f5</load_address>
         <run_address>0xf9f5</run_address>
         <size>0x28c</size>
         <input_file_ref idref="fl-d9"/>
      </object_component>
      <object_component id="oc-1fd">
         <name>.debug_info</name>
         <load_address>0xfc81</load_address>
         <run_address>0xfc81</run_address>
         <size>0x157</size>
         <input_file_ref idref="fl-d9"/>
      </object_component>
      <object_component id="oc-2d9">
         <name>.debug_info</name>
         <load_address>0xfdd8</load_address>
         <run_address>0xfdd8</run_address>
         <size>0x46</size>
         <input_file_ref idref="fl-d9"/>
      </object_component>
      <object_component id="oc-291">
         <name>.debug_info</name>
         <load_address>0xfe1e</load_address>
         <run_address>0xfe1e</run_address>
         <size>0x39</size>
         <input_file_ref idref="fl-d9"/>
      </object_component>
      <object_component id="oc-2c7">
         <name>.debug_info</name>
         <load_address>0xfe57</load_address>
         <run_address>0xfe57</run_address>
         <size>0x297</size>
         <input_file_ref idref="fl-da"/>
      </object_component>
      <object_component id="oc-27c">
         <name>.debug_info</name>
         <load_address>0x100ee</load_address>
         <run_address>0x100ee</run_address>
         <size>0x192</size>
         <input_file_ref idref="fl-da"/>
      </object_component>
      <object_component id="oc-2f0">
         <name>.debug_info</name>
         <load_address>0x10280</load_address>
         <run_address>0x10280</run_address>
         <size>0x39</size>
         <input_file_ref idref="fl-da"/>
      </object_component>
      <object_component id="oc-2c8">
         <name>.debug_info</name>
         <load_address>0x102b9</load_address>
         <run_address>0x102b9</run_address>
         <size>0x2c</size>
         <input_file_ref idref="fl-da"/>
      </object_component>
      <object_component id="oc-2d4">
         <name>.debug_info</name>
         <load_address>0x102e5</load_address>
         <run_address>0x102e5</run_address>
         <size>0x2fa</size>
         <input_file_ref idref="fl-db"/>
      </object_component>
      <object_component id="oc-282">
         <name>.debug_info</name>
         <load_address>0x105df</load_address>
         <run_address>0x105df</run_address>
         <size>0x222</size>
         <input_file_ref idref="fl-db"/>
      </object_component>
      <object_component id="oc-25e">
         <name>.debug_info</name>
         <load_address>0x10801</load_address>
         <run_address>0x10801</run_address>
         <size>0x14c</size>
         <input_file_ref idref="fl-dc"/>
      </object_component>
      <object_component id="oc-1da">
         <name>.debug_info</name>
         <load_address>0x1094d</load_address>
         <run_address>0x1094d</run_address>
         <size>0x128</size>
         <input_file_ref idref="fl-dd"/>
      </object_component>
      <object_component id="oc-249">
         <name>.debug_info</name>
         <load_address>0x10a75</load_address>
         <run_address>0x10a75</run_address>
         <size>0x12a</size>
         <input_file_ref idref="fl-dd"/>
      </object_component>
      <object_component id="oc-242">
         <name>.debug_info</name>
         <load_address>0x10b9f</load_address>
         <run_address>0x10b9f</run_address>
         <size>0x13a</size>
         <input_file_ref idref="fl-de"/>
      </object_component>
      <object_component id="oc-23e">
         <name>.debug_info</name>
         <load_address>0x10cd9</load_address>
         <run_address>0x10cd9</run_address>
         <size>0x13a</size>
         <input_file_ref idref="fl-df"/>
      </object_component>
      <object_component id="oc-24e">
         <name>.debug_info</name>
         <load_address>0x10e13</load_address>
         <run_address>0x10e13</run_address>
         <size>0x12e</size>
         <input_file_ref idref="fl-e0"/>
      </object_component>
      <object_component id="oc-258">
         <name>.debug_info</name>
         <load_address>0x10f41</load_address>
         <run_address>0x10f41</run_address>
         <size>0x12c</size>
         <input_file_ref idref="fl-e1"/>
      </object_component>
      <object_component id="oc-236">
         <name>.debug_info</name>
         <load_address>0x1106d</load_address>
         <run_address>0x1106d</run_address>
         <size>0x134</size>
         <input_file_ref idref="fl-e2"/>
      </object_component>
      <object_component id="oc-2ce">
         <name>.debug_info</name>
         <load_address>0x111a1</load_address>
         <run_address>0x111a1</run_address>
         <size>0x15e</size>
         <input_file_ref idref="fl-e3"/>
      </object_component>
      <object_component id="oc-2b6">
         <name>.debug_info</name>
         <load_address>0x112ff</load_address>
         <run_address>0x112ff</run_address>
         <size>0x115</size>
         <input_file_ref idref="fl-e4"/>
      </object_component>
      <object_component id="oc-32c">
         <name>.debug_info</name>
         <load_address>0x11414</load_address>
         <run_address>0x11414</run_address>
         <size>0xad</size>
      </object_component>
      <object_component id="oc-148">
         <name>.debug_line</name>
         <load_address>0x0</load_address>
         <run_address>0x0</run_address>
         <size>0x57</size>
         <input_file_ref idref="fl-2"/>
      </object_component>
      <object_component id="oc-1a7">
         <name>.debug_line</name>
         <load_address>0x57</load_address>
         <run_address>0x57</run_address>
         <size>0x2f</size>
         <input_file_ref idref="fl-2"/>
      </object_component>
      <object_component id="oc-9a">
         <name>.debug_line</name>
         <load_address>0x86</load_address>
         <run_address>0x86</run_address>
         <size>0xdd</size>
         <input_file_ref idref="fl-2"/>
      </object_component>
      <object_component id="oc-12b">
         <name>.debug_line</name>
         <load_address>0x163</load_address>
         <run_address>0x163</run_address>
         <size>0x52</size>
         <input_file_ref idref="fl-2"/>
      </object_component>
      <object_component id="oc-b7">
         <name>.debug_line</name>
         <load_address>0x1b5</load_address>
         <run_address>0x1b5</run_address>
         <size>0x69</size>
         <input_file_ref idref="fl-2"/>
      </object_component>
      <object_component id="oc-130">
         <name>.debug_line</name>
         <load_address>0x21e</load_address>
         <run_address>0x21e</run_address>
         <size>0x55</size>
         <input_file_ref idref="fl-2"/>
      </object_component>
      <object_component id="oc-32">
         <name>.debug_line</name>
         <load_address>0x273</load_address>
         <run_address>0x273</run_address>
         <size>0x20</size>
         <input_file_ref idref="fl-2"/>
      </object_component>
      <object_component id="oc-13a">
         <name>.debug_line</name>
         <load_address>0x293</load_address>
         <run_address>0x293</run_address>
         <size>0x6d</size>
         <input_file_ref idref="fl-2"/>
      </object_component>
      <object_component id="oc-e2">
         <name>.debug_line</name>
         <load_address>0x300</load_address>
         <run_address>0x300</run_address>
         <size>0x6a</size>
         <input_file_ref idref="fl-2"/>
      </object_component>
      <object_component id="oc-14c">
         <name>.debug_line</name>
         <load_address>0x36a</load_address>
         <run_address>0x36a</run_address>
         <size>0x64</size>
         <input_file_ref idref="fl-2"/>
      </object_component>
      <object_component id="oc-1a4">
         <name>.debug_line</name>
         <load_address>0x3ce</load_address>
         <run_address>0x3ce</run_address>
         <size>0x65</size>
         <input_file_ref idref="fl-2"/>
      </object_component>
      <object_component id="oc-155">
         <name>.debug_line</name>
         <load_address>0x433</load_address>
         <run_address>0x433</run_address>
         <size>0x4c</size>
         <input_file_ref idref="fl-3"/>
      </object_component>
      <object_component id="oc-127">
         <name>.debug_line</name>
         <load_address>0x47f</load_address>
         <run_address>0x47f</run_address>
         <size>0x2b</size>
         <input_file_ref idref="fl-4"/>
      </object_component>
      <object_component id="oc-d4">
         <name>.debug_line</name>
         <load_address>0x4aa</load_address>
         <run_address>0x4aa</run_address>
         <size>0xfd</size>
         <input_file_ref idref="fl-4"/>
      </object_component>
      <object_component id="oc-135">
         <name>.debug_line</name>
         <load_address>0x5a7</load_address>
         <run_address>0x5a7</run_address>
         <size>0x2b</size>
         <input_file_ref idref="fl-4"/>
      </object_component>
      <object_component id="oc-6e">
         <name>.debug_line</name>
         <load_address>0x5d2</load_address>
         <run_address>0x5d2</run_address>
         <size>0x7c</size>
         <input_file_ref idref="fl-5"/>
      </object_component>
      <object_component id="oc-1a9">
         <name>.debug_line</name>
         <load_address>0x64e</load_address>
         <run_address>0x64e</run_address>
         <size>0x7f</size>
         <input_file_ref idref="fl-6"/>
      </object_component>
      <object_component id="oc-188">
         <name>.debug_line</name>
         <load_address>0x6cd</load_address>
         <run_address>0x6cd</run_address>
         <size>0x30</size>
         <input_file_ref idref="fl-6"/>
      </object_component>
      <object_component id="oc-d9">
         <name>.debug_line</name>
         <load_address>0x6fd</load_address>
         <run_address>0x6fd</run_address>
         <size>0xa6</size>
         <input_file_ref idref="fl-6"/>
      </object_component>
      <object_component id="oc-186">
         <name>.debug_line</name>
         <load_address>0x7a3</load_address>
         <run_address>0x7a3</run_address>
         <size>0x2d</size>
         <input_file_ref idref="fl-7"/>
      </object_component>
      <object_component id="oc-cd">
         <name>.debug_line</name>
         <load_address>0x7d0</load_address>
         <run_address>0x7d0</run_address>
         <size>0xae</size>
         <input_file_ref idref="fl-7"/>
      </object_component>
      <object_component id="oc-b3">
         <name>.debug_line</name>
         <load_address>0x87e</load_address>
         <run_address>0x87e</run_address>
         <size>0x40</size>
         <input_file_ref idref="fl-8"/>
      </object_component>
      <object_component id="oc-70">
         <name>.debug_line</name>
         <load_address>0x8be</load_address>
         <run_address>0x8be</run_address>
         <size>0x40</size>
         <input_file_ref idref="fl-8"/>
      </object_component>
      <object_component id="oc-68">
         <name>.debug_line</name>
         <load_address>0x8fe</load_address>
         <run_address>0x8fe</run_address>
         <size>0x71</size>
         <input_file_ref idref="fl-8"/>
      </object_component>
      <object_component id="oc-182">
         <name>.debug_line</name>
         <load_address>0x96f</load_address>
         <run_address>0x96f</run_address>
         <size>0x3b</size>
         <input_file_ref idref="fl-9"/>
      </object_component>
      <object_component id="oc-aa">
         <name>.debug_line</name>
         <load_address>0x9aa</load_address>
         <run_address>0x9aa</run_address>
         <size>0x191</size>
         <input_file_ref idref="fl-9"/>
      </object_component>
      <object_component id="oc-c6">
         <name>.debug_line</name>
         <load_address>0xb3b</load_address>
         <run_address>0xb3b</run_address>
         <size>0xa6</size>
         <input_file_ref idref="fl-c3"/>
      </object_component>
      <object_component id="oc-4a">
         <name>.debug_line</name>
         <load_address>0xbe1</load_address>
         <run_address>0xbe1</run_address>
         <size>0x4f</size>
         <input_file_ref idref="fl-c3"/>
      </object_component>
      <object_component id="oc-86">
         <name>.debug_line</name>
         <load_address>0xc30</load_address>
         <run_address>0xc30</run_address>
         <size>0x34</size>
         <input_file_ref idref="fl-c3"/>
      </object_component>
      <object_component id="oc-c3">
         <name>.debug_line</name>
         <load_address>0xc64</load_address>
         <run_address>0xc64</run_address>
         <size>0x92</size>
         <input_file_ref idref="fl-c3"/>
      </object_component>
      <object_component id="oc-81">
         <name>.debug_line</name>
         <load_address>0xcf6</load_address>
         <run_address>0xcf6</run_address>
         <size>0x20</size>
         <input_file_ref idref="fl-c4"/>
      </object_component>
      <object_component id="oc-1b">
         <name>.debug_line</name>
         <load_address>0xd16</load_address>
         <run_address>0xd16</run_address>
         <size>0x55</size>
         <input_file_ref idref="fl-c4"/>
      </object_component>
      <object_component id="oc-3d">
         <name>.debug_line</name>
         <load_address>0xd6b</load_address>
         <run_address>0xd6b</run_address>
         <size>0x3a</size>
         <input_file_ref idref="fl-c4"/>
      </object_component>
      <object_component id="oc-7e">
         <name>.debug_line</name>
         <load_address>0xda5</load_address>
         <run_address>0xda5</run_address>
         <size>0x92</size>
         <input_file_ref idref="fl-c4"/>
      </object_component>
      <object_component id="oc-bf">
         <name>.debug_line</name>
         <load_address>0xe37</load_address>
         <run_address>0xe37</run_address>
         <size>0x20</size>
         <input_file_ref idref="fl-c5"/>
      </object_component>
      <object_component id="oc-18">
         <name>.debug_line</name>
         <load_address>0xe57</load_address>
         <run_address>0xe57</run_address>
         <size>0xa9</size>
         <input_file_ref idref="fl-c5"/>
      </object_component>
      <object_component id="oc-2d">
         <name>.debug_line</name>
         <load_address>0xf00</load_address>
         <run_address>0xf00</run_address>
         <size>0x3a</size>
         <input_file_ref idref="fl-c5"/>
      </object_component>
      <object_component id="oc-bc">
         <name>.debug_line</name>
         <load_address>0xf3a</load_address>
         <run_address>0xf3a</run_address>
         <size>0x9a</size>
         <input_file_ref idref="fl-c5"/>
      </object_component>
      <object_component id="oc-77">
         <name>.debug_line</name>
         <load_address>0xfd4</load_address>
         <run_address>0xfd4</run_address>
         <size>0x96</size>
         <input_file_ref idref="fl-c5"/>
      </object_component>
      <object_component id="oc-21b">
         <name>.debug_line</name>
         <load_address>0x106a</load_address>
         <run_address>0x106a</run_address>
         <size>0x10e</size>
         <input_file_ref idref="fl-c6"/>
      </object_component>
      <object_component id="oc-19b">
         <name>.debug_line</name>
         <load_address>0x1178</load_address>
         <run_address>0x1178</run_address>
         <size>0x3e</size>
         <input_file_ref idref="fl-c6"/>
      </object_component>
      <object_component id="oc-194">
         <name>.debug_line</name>
         <load_address>0x11b6</load_address>
         <run_address>0x11b6</run_address>
         <size>0x3e</size>
         <input_file_ref idref="fl-c6"/>
      </object_component>
      <object_component id="oc-157">
         <name>.debug_line</name>
         <load_address>0x11f4</load_address>
         <run_address>0x11f4</run_address>
         <size>0x5d</size>
         <input_file_ref idref="fl-c6"/>
      </object_component>
      <object_component id="oc-21f">
         <name>.debug_line</name>
         <load_address>0x1251</load_address>
         <run_address>0x1251</run_address>
         <size>0x91</size>
         <input_file_ref idref="fl-c6"/>
      </object_component>
      <object_component id="oc-1cc">
         <name>.debug_line</name>
         <load_address>0x12e2</load_address>
         <run_address>0x12e2</run_address>
         <size>0x20</size>
         <input_file_ref idref="fl-c7"/>
      </object_component>
      <object_component id="oc-13e">
         <name>.debug_line</name>
         <load_address>0x1302</load_address>
         <run_address>0x1302</run_address>
         <size>0xb2</size>
         <input_file_ref idref="fl-c7"/>
      </object_component>
      <object_component id="oc-73">
         <name>.debug_line</name>
         <load_address>0x13b4</load_address>
         <run_address>0x13b4</run_address>
         <size>0x33</size>
         <input_file_ref idref="fl-c8"/>
      </object_component>
      <object_component id="oc-57">
         <name>.debug_line</name>
         <load_address>0x13e7</load_address>
         <run_address>0x13e7</run_address>
         <size>0x56</size>
         <input_file_ref idref="fl-c8"/>
      </object_component>
      <object_component id="oc-35">
         <name>.debug_line</name>
         <load_address>0x143d</load_address>
         <run_address>0x143d</run_address>
         <size>0x88</size>
         <input_file_ref idref="fl-c9"/>
      </object_component>
      <object_component id="oc-8b">
         <name>.debug_line</name>
         <load_address>0x14c5</load_address>
         <run_address>0x14c5</run_address>
         <size>0x79</size>
         <input_file_ref idref="fl-ca"/>
      </object_component>
      <object_component id="oc-1b9">
         <name>.debug_line</name>
         <load_address>0x153e</load_address>
         <run_address>0x153e</run_address>
         <size>0xbf</size>
         <input_file_ref idref="fl-cb"/>
      </object_component>
      <object_component id="oc-f1">
         <name>.debug_line</name>
         <load_address>0x15fd</load_address>
         <run_address>0x15fd</run_address>
         <size>0x6c</size>
         <input_file_ref idref="fl-cb"/>
      </object_component>
      <object_component id="oc-1bd">
         <name>.debug_line</name>
         <load_address>0x1669</load_address>
         <run_address>0x1669</run_address>
         <size>0x2e</size>
         <input_file_ref idref="fl-cb"/>
      </object_component>
      <object_component id="oc-227">
         <name>.debug_line</name>
         <load_address>0x1697</load_address>
         <run_address>0x1697</run_address>
         <size>0x9a</size>
         <input_file_ref idref="fl-cb"/>
      </object_component>
      <object_component id="oc-1c2">
         <name>.debug_line</name>
         <load_address>0x1731</load_address>
         <run_address>0x1731</run_address>
         <size>0x97</size>
         <input_file_ref idref="fl-cb"/>
      </object_component>
      <object_component id="oc-1c7">
         <name>.debug_line</name>
         <load_address>0x17c8</load_address>
         <run_address>0x17c8</run_address>
         <size>0x93</size>
         <input_file_ref idref="fl-cb"/>
      </object_component>
      <object_component id="oc-94">
         <name>.debug_line</name>
         <load_address>0x185b</load_address>
         <run_address>0x185b</run_address>
         <size>0x40</size>
         <input_file_ref idref="fl-cc"/>
      </object_component>
      <object_component id="oc-e9">
         <name>.debug_line</name>
         <load_address>0x189b</load_address>
         <run_address>0x189b</run_address>
         <size>0x3c</size>
         <input_file_ref idref="fl-ce"/>
      </object_component>
      <object_component id="oc-223">
         <name>.debug_line</name>
         <load_address>0x18d7</load_address>
         <run_address>0x18d7</run_address>
         <size>0x20</size>
         <input_file_ref idref="fl-cf"/>
      </object_component>
      <object_component id="oc-1b3">
         <name>.debug_line</name>
         <load_address>0x18f7</load_address>
         <run_address>0x18f7</run_address>
         <size>0x2b</size>
         <input_file_ref idref="fl-cf"/>
      </object_component>
      <object_component id="oc-1b1">
         <name>.debug_line</name>
         <load_address>0x1922</load_address>
         <run_address>0x1922</run_address>
         <size>0x3a</size>
         <input_file_ref idref="fl-cf"/>
      </object_component>
      <object_component id="oc-29d">
         <name>.debug_line</name>
         <load_address>0x195c</load_address>
         <run_address>0x195c</run_address>
         <size>0x346</size>
         <input_file_ref idref="fl-d0"/>
      </object_component>
      <object_component id="oc-1d4">
         <name>.debug_line</name>
         <load_address>0x1ca2</load_address>
         <run_address>0x1ca2</run_address>
         <size>0x7a</size>
         <input_file_ref idref="fl-d0"/>
      </object_component>
      <object_component id="oc-261">
         <name>.debug_line</name>
         <load_address>0x1d1c</load_address>
         <run_address>0x1d1c</run_address>
         <size>0x51</size>
         <input_file_ref idref="fl-d0"/>
      </object_component>
      <object_component id="oc-267">
         <name>.debug_line</name>
         <load_address>0x1d6d</load_address>
         <run_address>0x1d6d</run_address>
         <size>0x88</size>
         <input_file_ref idref="fl-d0"/>
      </object_component>
      <object_component id="oc-1df">
         <name>.debug_line</name>
         <load_address>0x1df5</load_address>
         <run_address>0x1df5</run_address>
         <size>0x14d</size>
         <input_file_ref idref="fl-d0"/>
      </object_component>
      <object_component id="oc-26e">
         <name>.debug_line</name>
         <load_address>0x1f42</load_address>
         <run_address>0x1f42</run_address>
         <size>0xee</size>
         <input_file_ref idref="fl-d0"/>
      </object_component>
      <object_component id="oc-274">
         <name>.debug_line</name>
         <load_address>0x2030</load_address>
         <run_address>0x2030</run_address>
         <size>0x5d</size>
         <input_file_ref idref="fl-d0"/>
      </object_component>
      <object_component id="oc-1e5">
         <name>.debug_line</name>
         <load_address>0x208d</load_address>
         <run_address>0x208d</run_address>
         <size>0x5c</size>
         <input_file_ref idref="fl-d0"/>
      </object_component>
      <object_component id="oc-1eb">
         <name>.debug_line</name>
         <load_address>0x20e9</load_address>
         <run_address>0x20e9</run_address>
         <size>0xae</size>
         <input_file_ref idref="fl-d0"/>
      </object_component>
      <object_component id="oc-1f1">
         <name>.debug_line</name>
         <load_address>0x2197</load_address>
         <run_address>0x2197</run_address>
         <size>0x1b0</size>
         <input_file_ref idref="fl-d0"/>
      </object_component>
      <object_component id="oc-18b">
         <name>.debug_line</name>
         <load_address>0x2347</load_address>
         <run_address>0x2347</run_address>
         <size>0x6ed</size>
         <input_file_ref idref="fl-d0"/>
      </object_component>
      <object_component id="oc-20d">
         <name>.debug_line</name>
         <load_address>0x2a34</load_address>
         <run_address>0x2a34</run_address>
         <size>0x92</size>
         <input_file_ref idref="fl-d0"/>
      </object_component>
      <object_component id="oc-2a6">
         <name>.debug_line</name>
         <load_address>0x2ac6</load_address>
         <run_address>0x2ac6</run_address>
         <size>0x92</size>
         <input_file_ref idref="fl-d0"/>
      </object_component>
      <object_component id="oc-2e7">
         <name>.debug_line</name>
         <load_address>0x2b58</load_address>
         <run_address>0x2b58</run_address>
         <size>0x9a</size>
         <input_file_ref idref="fl-d0"/>
      </object_component>
      <object_component id="oc-2ab">
         <name>.debug_line</name>
         <load_address>0x2bf2</load_address>
         <run_address>0x2bf2</run_address>
         <size>0x97</size>
         <input_file_ref idref="fl-d0"/>
      </object_component>
      <object_component id="oc-212">
         <name>.debug_line</name>
         <load_address>0x2c89</load_address>
         <run_address>0x2c89</run_address>
         <size>0x2e</size>
         <input_file_ref idref="fl-d0"/>
      </object_component>
      <object_component id="oc-2a1">
         <name>.debug_line</name>
         <load_address>0x2cb7</load_address>
         <run_address>0x2cb7</run_address>
         <size>0x91</size>
         <input_file_ref idref="fl-d0"/>
      </object_component>
      <object_component id="oc-2b3">
         <name>.debug_line</name>
         <load_address>0x2d48</load_address>
         <run_address>0x2d48</run_address>
         <size>0x91</size>
         <input_file_ref idref="fl-d2"/>
      </object_component>
      <object_component id="oc-1d2">
         <name>.debug_line</name>
         <load_address>0x2dd9</load_address>
         <run_address>0x2dd9</run_address>
         <size>0x63</size>
         <input_file_ref idref="fl-d2"/>
      </object_component>
      <object_component id="oc-2ea">
         <name>.debug_line</name>
         <load_address>0x2e3c</load_address>
         <run_address>0x2e3c</run_address>
         <size>0x20</size>
         <input_file_ref idref="fl-d3"/>
      </object_component>
      <object_component id="oc-2b0">
         <name>.debug_line</name>
         <load_address>0x2e5c</load_address>
         <run_address>0x2e5c</run_address>
         <size>0x2b</size>
         <input_file_ref idref="fl-d3"/>
      </object_component>
      <object_component id="oc-2ae">
         <name>.debug_line</name>
         <load_address>0x2e87</load_address>
         <run_address>0x2e87</run_address>
         <size>0x2a</size>
         <input_file_ref idref="fl-d4"/>
      </object_component>
      <object_component id="oc-215">
         <name>.debug_line</name>
         <load_address>0x2eb1</load_address>
         <run_address>0x2eb1</run_address>
         <size>0x2a</size>
         <input_file_ref idref="fl-d4"/>
      </object_component>
      <object_component id="oc-2ed">
         <name>.debug_line</name>
         <load_address>0x2edb</load_address>
         <run_address>0x2edb</run_address>
         <size>0x20</size>
         <input_file_ref idref="fl-d5"/>
      </object_component>
      <object_component id="oc-254">
         <name>.debug_line</name>
         <load_address>0x2efb</load_address>
         <run_address>0x2efb</run_address>
         <size>0x66</size>
         <input_file_ref idref="fl-d5"/>
      </object_component>
      <object_component id="oc-2d8">
         <name>.debug_line</name>
         <load_address>0x2f61</load_address>
         <run_address>0x2f61</run_address>
         <size>0x20</size>
         <input_file_ref idref="fl-d6"/>
      </object_component>
      <object_component id="oc-1fb">
         <name>.debug_line</name>
         <load_address>0x2f81</load_address>
         <run_address>0x2f81</run_address>
         <size>0x48</size>
         <input_file_ref idref="fl-d6"/>
      </object_component>
      <object_component id="oc-2f9">
         <name>.debug_line</name>
         <load_address>0x2fc9</load_address>
         <run_address>0x2fc9</run_address>
         <size>0x20</size>
         <input_file_ref idref="fl-d7"/>
      </object_component>
      <object_component id="oc-28b">
         <name>.debug_line</name>
         <load_address>0x2fe9</load_address>
         <run_address>0x2fe9</run_address>
         <size>0xb0</size>
         <input_file_ref idref="fl-d7"/>
      </object_component>
      <object_component id="oc-2e3">
         <name>.debug_line</name>
         <load_address>0x3099</load_address>
         <run_address>0x3099</run_address>
         <size>0x20</size>
         <input_file_ref idref="fl-d8"/>
      </object_component>
      <object_component id="oc-2e1">
         <name>.debug_line</name>
         <load_address>0x30b9</load_address>
         <run_address>0x30b9</run_address>
         <size>0x2b</size>
         <input_file_ref idref="fl-d8"/>
      </object_component>
      <object_component id="oc-204">
         <name>.debug_line</name>
         <load_address>0x30e4</load_address>
         <run_address>0x30e4</run_address>
         <size>0x40</size>
         <input_file_ref idref="fl-d8"/>
      </object_component>
      <object_component id="oc-2df">
         <name>.debug_line</name>
         <load_address>0x3124</load_address>
[...]
         <value>0x1ef9</value>
         <object_component_ref idref="oc-95"/>
      </symbol>
      <symbol id="sm-6a">
         <name>Lock_Release</name>
         <value>0x1ed9</value>
         <object_component_ref idref="oc-95"/>
      </symbol>
      <symbol id="sm-6b">
         <name>Lock_Init</name>
         <value>0x1eb9</value>
         <object_component_ref idref="oc-95"/>
      </symbol>
      <symbol id="sm-6c">
         <name>GPIO_Init</name>
         <value>0x1e71</value>
         <object_component_ref idref="oc-95"/>
      </symbol>
      <symbol id="sm-6d">
         <name>fputs</name>
         <value>0x1e59</value>
         <object_component_ref idref="oc-95"/>
      </symbol>
      <symbol id="sm-6e">
         <name>fputc</name>
         <value>0x1e41</value>
         <object_component_ref idref="oc-95"/>
      </symbol>
      <symbol id="sm-6f">
         <name>count</name>
         <value>0x20000a78</value>
         <object_component_ref idref="oc-15c"/>
      </symbol>
      <symbol id="sm-79">
         <name>lock_acquire</name>
         <value>0x291b</value>
         <object_component_ref idref="oc-151"/>
      </symbol>
      <symbol id="sm-92">
         <name>tcbs</name>
         <value>0x20000960</value>
      </symbol>
      <symbol id="sm-93">
         <name>RunPt</name>
         <value>0x20000978</value>
      </symbol>
      <symbol id="sm-94">
         <name>Stacks</name>
         <value>0x20000000</value>
      </symbol>
      <symbol id="sm-95">
         <name>OS_Launch</name>
         <value>0x1221</value>
         <object_component_ref idref="oc-cf"/>
      </symbol>
      <symbol id="sm-96">
         <name>OS_AddThreads</name>
         <value>0x1181</value>
         <object_component_ref idref="oc-cf"/>
      </symbol>
      <symbol id="sm-97">
         <name>OS_Init</name>
         <value>0xfc9</value>
         <object_component_ref idref="oc-cf"/>
      </symbol>
      <symbol id="sm-98">
         <name>StartCritical</name>
         <value>0x1259</value>
         <object_component_ref idref="oc-cf"/>
      </symbol>
      <symbol id="sm-99">
         <name>EndCritical</name>
         <value>0x1269</value>
         <object_component_ref idref="oc-cf"/>
      </symbol>
      <symbol id="sm-9a">
         <name>yield</name>
         <value>0x1271</value>
         <object_component_ref idref="oc-cf"/>
      </symbol>
      <symbol id="sm-9b">
         <name>SetInitialStack</name>
         <value>0x1009</value>
         <object_component_ref idref="oc-cf"/>
      </symbol>
      <symbol id="sm-a6">
         <name>SysTick_Handler</name>
         <value>0x2705</value>
         <object_component_ref idref="oc-6a"/>
      </symbol>
      <symbol id="sm-a7">
         <name>OS_EnableInterrupts</name>
         <value>0x2701</value>
         <object_component_ref idref="oc-6a"/>
      </symbol>
      <symbol id="sm-a8">
         <name>OS_DisableInterrupts</name>
         <value>0x26fd</value>
         <object_component_ref idref="oc-6a"/>
      </symbol>
      <symbol id="sm-a9">
         <name>StartOS</name>
         <value>0x2725</value>
         <object_component_ref idref="oc-6a"/>
      </symbol>
      <symbol id="sm-c8">
         <name>Thread0</name>
         <value>0x2049</value>
         <object_component_ref idref="oc-d8"/>
      </symbol>
      <symbol id="sm-c9">
         <name>Thread1</name>
         <value>0x2091</value>
         <object_component_ref idref="oc-d8"/>
      </symbol>
      <symbol id="sm-ca">
         <name>Thread2</name>
         <value>0x20d9</value>
         <object_component_ref idref="oc-d8"/>
      </symbol>
      <symbol id="sm-cb">
         <name>delay</name>
         <value>0x20000a7c</value>
         <object_component_ref idref="oc-14e"/>
      </symbol>
      <symbol id="sm-e3">
         <name>UART_Receive</name>
         <value>0x1be1</value>
         <object_component_ref idref="oc-c9"/>
      </symbol>
      <symbol id="sm-e4">
         <name>UART0_Init</name>
         <value>0x1ae1</value>
         <object_component_ref idref="oc-c9"/>
      </symbol>
      <symbol id="sm-e5">
         <name>UART_Send</name>
         <value>0x1b49</value>
         <object_component_ref idref="oc-c9"/>
      </symbol>
      <symbol id="sm-e6">
         <name>UART_MSend</name>
         <value>0x1b89</value>
         <object_component_ref idref="oc-c9"/>
      </symbol>
      <symbol id="sm-fb">
         <name>Reset_Handler</name>
         <value>0x2999</value>
         <object_component_ref idref="oc-64"/>
      </symbol>
      <symbol id="sm-fc">
         <name>Default_Handler</name>
         <value>0x29a9</value>
         <object_component_ref idref="oc-64"/>
      </symbol>
      <symbol id="sm-fd">
         <name>interruptVectors</name>
         <value>0x0</value>
         <object_component_ref idref="oc-23"/>
      </symbol>
      <symbol id="sm-12a">
         <name>SystemInit</name>
         <value>0xf29</value>
         <object_component_ref idref="oc-a7"/>
      </symbol>
      <symbol id="sm-12b">
         <name>SystemCoreClockUpdate</name>
         <value>0xb49</value>
         <object_component_ref idref="oc-a7"/>
      </symbol>
      <symbol id="sm-12c">
         <name>SystemCoreClock</name>
         <value>0x20000a84</value>
         <object_component_ref idref="oc-122"/>
      </symbol>
      <symbol id="sm-143">
         <name>__TI_zero_init</name>
         <value>0x29cb</value>
         <object_component_ref idref="oc-46"/>
      </symbol>
      <symbol id="sm-15a">
         <name>__TI_decompress_none</name>
         <value>0x29bd</value>
         <object_component_ref idref="oc-1a"/>
      </symbol>
      <symbol id="sm-17d">
         <name>__TI_decompress_lzss</name>
         <value>0x2519</value>
         <object_component_ref idref="oc-14"/>
      </symbol>
      <symbol id="sm-1a9">
         <name>printf</name>
         <value>0x2581</value>
         <object_component_ref idref="oc-156"/>
      </symbol>
      <symbol id="sm-1b7">
         <name>strlen</name>
         <value>0x2985</value>
         <object_component_ref idref="oc-13c"/>
      </symbol>
      <symbol id="sm-1ca">
         <name>__stack</name>
         <value>0x2000f000</value>
         <object_component_ref idref="oc-26"/>
      </symbol>
      <symbol id="sm-1cb">
         <name>_c_int00_noargs</name>
         <value>0x28b5</value>
         <object_component_ref idref="oc-52"/>
      </symbol>
      <symbol id="sm-1e6">
         <name>memcpy</name>
         <value>0x21f3</value>
         <object_component_ref idref="oc-34"/>
      </symbol>
      <symbol id="sm-1e7">
         <name>__aeabi_memcpy</name>
         <value>0x21f3</value>
         <object_component_ref idref="oc-34"/>
      </symbol>
      <symbol id="sm-1e8">
         <name>__aeabi_memcpy8</name>
         <value>0x21f3</value>
         <object_component_ref idref="oc-34"/>
      </symbol>
      <symbol id="sm-1e9">
         <name>__aeabi_memcpy4</name>
         <value>0x21f3</value>
         <object_component_ref idref="oc-34"/>
      </symbol>
      <symbol id="sm-1f8">
         <name>__aeabi_memset</name>
         <value>0x2433</value>
         <object_component_ref idref="oc-89"/>
      </symbol>
      <symbol id="sm-1f9">
         <name>memset</name>
         <value>0x2439</value>
         <object_component_ref idref="oc-89"/>
      </symbol>
      <symbol id="sm-1fa">
         <name>__aeabi_memset8</name>
         <value>0x2433</value>
         <object_component_ref idref="oc-89"/>
      </symbol>
      <symbol id="sm-1fb">
         <name>__aeabi_memset4</name>
         <value>0x2433</value>
         <object_component_ref idref="oc-89"/>
      </symbol>
      <symbol id="sm-1fc">
         <name>__aeabi_memclr8</name>
         <value>0x2431</value>
         <object_component_ref idref="oc-89"/>
      </symbol>
      <symbol id="sm-1fd">
         <name>__aeabi_memclr4</name>
         <value>0x2431</value>
         <object_component_ref idref="oc-89"/>
      </symbol>
      <symbol id="sm-1fe">
         <name>__aeabi_memclr</name>
         <value>0x2431</value>
         <object_component_ref idref="oc-89"/>
      </symbol>
      <symbol id="sm-226">
         <name>__TI_auto_init_nobinit_nopinit</name>
         <value>0x2831</value>
         <object_component_ref idref="oc-f0"/>
      </symbol>
      <symbol id="sm-230">
         <name>_system_pre_init</name>
         <value>0x29e5</value>
         <object_component_ref idref="oc-8f"/>
      </symbol>
      <symbol id="sm-23c">
         <name>C$$EXIT</name>
         <value>0x29e9</value>
         <object_component_ref idref="oc-e4"/>
      </symbol>
      <symbol id="sm-23d">
         <name>abort</name>
         <value>0x29e9</value>
         <object_component_ref idref="oc-e4"/>
      </symbol>
      <symbol id="sm-252">
         <name>_nop</name>
         <value>0xb47</value>
         <object_component_ref idref="oc-1ac"/>
      </symbol>
      <symbol id="sm-253">
         <name>_lock</name>
         <value>0x20000a70</value>
         <object_component_ref idref="oc-165"/>
      </symbol>
      <symbol id="sm-254">
         <name>_unlock</name>
         <value>0x20000a74</value>
         <object_component_ref idref="oc-165"/>
      </symbol>
      <symbol id="sm-3be">
         <name>__TI_printfi</name>
         <value>0xe9</value>
         <object_component_ref idref="oc-18a"/>
      </symbol>
      <symbol id="sm-3d5">
         <name>atoi</name>
         <value>0x279d</value>
         <object_component_ref idref="oc-1cd"/>
      </symbol>
      <symbol id="sm-3e0">
         <name>_ctypes_</name>
         <value>0x29ec</value>
         <object_component_ref idref="oc-230"/>
      </symbol>
      <symbol id="sm-3ec">
         <name>_ftable</name>
         <value>0x20000980</value>
         <object_component_ref idref="oc-190"/>
      </symbol>
      <symbol id="sm-3fb">
         <name>ltoa</name>
         <value>0x26a3</value>
         <object_component_ref idref="oc-250"/>
      </symbol>
      <symbol id="sm-40b">
         <name>memccpy</name>
         <value>0x293f</value>
         <object_component_ref idref="oc-1f6"/>
      </symbol>
      <symbol id="sm-41b">
         <name>strchr</name>
         <value>0x295b</value>
         <object_component_ref idref="oc-287"/>
      </symbol>
      <symbol id="sm-431">
         <name>__aeabi_errno_addr</name>
         <value>0x29d9</value>
         <object_component_ref idref="oc-202"/>
      </symbol>
      <symbol id="sm-432">
         <name>errno</name>
         <value>0x20000a80</value>
         <object_component_ref idref="oc-297"/>
      </symbol>
      <symbol id="sm-44b">
         <name>wcslen</name>
         <value>0x29ab</value>
         <object_component_ref idref="oc-1fc"/>
      </symbol>
      <symbol id="sm-46b">
         <name>frexpl</name>
         <value>0x25e9</value>
         <object_component_ref idref="oc-27b"/>
      </symbol>
      <symbol id="sm-46c">
         <name>frexp</name>
         <value>0x25e9</value>
         <object_component_ref idref="oc-27b"/>
      </symbol>
      <symbol id="sm-489">
         <name>scalbn</name>
         <value>0x1d31</value>
         <object_component_ref idref="oc-281"/>
      </symbol>
      <symbol id="sm-48a">
         <name>scalbnl</name>
         <value>0x1d31</value>
         <object_component_ref idref="oc-281"/>
      </symbol>
      <symbol id="sm-48b">
         <name>ldexpl</name>
         <value>0x1d31</value>
         <object_component_ref idref="oc-281"/>
      </symbol>
      <symbol id="sm-48c">
         <name>ldexp</name>
         <value>0x1d31</value>
         <object_component_ref idref="oc-281"/>
      </symbol>
      <symbol id="sm-4a3">
         <name>__aeabi_dsub</name>
         <value>0x16b5</value>
         <object_component_ref idref="oc-25b"/>
      </symbol>
      <symbol id="sm-4a4">
         <name>__aeabi_dadd</name>
         <value>0x16bf</value>
         <object_component_ref idref="oc-25b"/>
      </symbol>
      <symbol id="sm-4c6">
         <name>__aeabi_cdcmpeq</name>
         <value>0x2325</value>
         <object_component_ref idref="oc-1d9"/>
      </symbol>
      <symbol id="sm-4c7">
         <name>__aeabi_cdcmple</name>
         <value>0x2325</value>
         <object_component_ref idref="oc-1d9"/>
      </symbol>
      <symbol id="sm-4c8">
         <name>__aeabi_cdrcmple</name>
         <value>0x23ab</value>
         <object_component_ref idref="oc-246"/>
      </symbol>
      <symbol id="sm-4dc">
         <name>__aeabi_ddiv</name>
         <value>0x19a9</value>
         <object_component_ref idref="oc-241"/>
      </symbol>
      <symbol id="sm-4e7">
         <name>__aeabi_dmul</name>
         <value>0x1f49</value>
         <object_component_ref idref="oc-23c"/>
      </symbol>
      <symbol id="sm-4f1">
         <name>__aeabi_d2iz</name>
         <value>0x27e9</value>
         <object_component_ref idref="oc-24b"/>
      </symbol>
      <symbol id="sm-4fb">
         <name>__aeabi_i2d</name>
         <value>0x28ed</value>
         <object_component_ref idref="oc-256"/>
      </symbol>
      <symbol id="sm-508">
         <name>__aeabi_uldivmod</name>
         <value>0x228f</value>
         <object_component_ref idref="oc-235"/>
      </symbol>
      <symbol id="sm-512">
         <name>copysign</name>
         <value>0x2971</value>
         <object_component_ref idref="oc-2cd"/>
      </symbol>
      <symbol id="sm-513">
         <name>copysignl</name>
         <value>0x2971</value>
         <object_component_ref idref="oc-2cd"/>
      </symbol>
      <symbol id="sm-51d">
         <name>__aeabi_idiv0</name>
         <value>0x1273</value>
         <object_component_ref idref="oc-2b4"/>
      </symbol>
      <symbol id="sm-51e">
         <name>__aeabi_ldiv0</name>
         <value>0x1273</value>
         <object_component_ref idref="oc-2b4"/>
      </symbol>
      <symbol id="sm-51f">
         <name>__TI_static_base__</name>
         <value>0x0</value>
      </symbol>
      <symbol id="sm-522">
         <name>__mpu_init</name>
         <value>0x0</value>
      </symbol>
      <symbol id="sm-523">
         <name>_system_post_cinit</name>
         <value>0x0</value>
      </symbol>
      <symbol id="sm-524">
         <name>NMI_Handler</name>
         <value>0x29a9</value>
      </symbol>
      <symbol id="sm-525">
         <name>HardFault_Handler</name>
         <value>0x29a9</value>
      </symbol>
      <symbol id="sm-526">
         <name>MemManage_Handler</name>
         <value>0x29a9</value>
      </symbol>
      <symbol id="sm-527">
         <name>BusFault_Handler</name>
         <value>0x29a9</value>
      </symbol>
      <symbol id="sm-528">
         <name>UsageFault_Handler</name>
         <value>0x29a9</value>
      </symbol>
      <symbol id="sm-529">
         <name>SVC_Handler</name>
         <value>0x29a9</value>
      </symbol>
      <symbol id="sm-52a">
         <name>DebugMon_Handler</name>
         <value>0x29a9</value>
      </symbol>
      <symbol id="sm-52b">
         <name>PendSV_Handler</name>
         <value>0x29a9</value>
      </symbol>
      <symbol id="sm-52c">
         <name>SysTick_Handler</name>
         <value>0x2705</value>
      </symbol>
      <symbol id="sm-52d">
         <name>PSS_IRQHandler</name>
         <value>0x29a9</value>
      </symbol>
      <symbol id="sm-52e">
         <name>CS_IRQHandler</name>
         <value>0x29a9</value>
      </symbol>
      <symbol id="sm-52f">
         <name>PCM_IRQHandler</name>
         <value>0x29a9</value>
      </symbol>
      <symbol id="sm-530">
         <name>WDT_A_IRQHandler</name>
         <value>0x29a9</value>
      </symbol>
      <symbol id="sm-531">
         <name>FPU_IRQHandler</name>
         <value>0x29a9</value>
      </symbol>
      <symbol id="sm-532">
         <name>FLCTL_IRQHandler</name>
         <value>0x29a9</value>
      </symbol>
      <symbol id="sm-533">
         <name>COMP_E0_IRQHandler</name>
         <value>0x29a9</value>
      </symbol>
      <symbol id="sm-534">
         <name>COMP_E1_IRQHandler</name>
         <value>0x29a9</value>
      </symbol>
      <symbol id="sm-535">
         <name>TA0_0_IRQHandler</name>
         <value>0x29a9</value>
      </symbol>
      <symbol id="sm-536">
         <name>TA0_N_IRQHandler</name>
         <value>0x29a9</value>
      </symbol>
      <symbol id="sm-537">
         <name>TA1_0_IRQHandler</name>
         <value>0x29a9</value>
      </symbol>
      <symbol id="sm-538">
         <name>TA1_N_IRQHandler</name>
         <value>0x29a9</value>
      </symbol>
      <symbol id="sm-539">
         <name>TA2_0_IRQHandler</name>
         <value>0x29a9</value>
      </symbol>
      <symbol id="sm-53a">
         <name>TA2_N_IRQHandler</name>
         <value>0x29a9</value>
      </symbol>
      <symbol id="sm-53b">
         <name>TA3_0_IRQHandler</name>
         <value>0x29a9</value>
      </symbol>
      <symbol id="sm-53c">
         <name>TA3_N_IRQHandler</name>
         <value>0x29a9</value>
      </symbol>
      <symbol id="sm-53d">
         <name>EUSCIA0_IRQHandler</name>
         <value>0x29a9</value>
      </symbol>
      <symbol id="sm-53e">
         <name>EUSCIA1_IRQHandler</name>
         <value>0x29a9</value>
      </symbol>
      <symbol id="sm-53f">
         <name>EUSCIA2_IRQHandler</name>
         <value>0x29a9</value>
      </symbol>
      <symbol id="sm-540">
         <name>EUSCIA3_IRQHandler</name>
         <value>0x29a9</value>
      </symbol>
      <symbol id="sm-541">
         <name>EUSCIB0_IRQHandler</name>
         <value>0x29a9</value>
      </symbol>
      <symbol id="sm-542">
         <name>EUSCIB1_IRQHandler</name>
         <value>0x29a9</value>
      </symbol>
      <symbol id="sm-543">
         <name>EUSCIB2_IRQHandler</name>
         <value>0x29a9</value>
      </symbol>
      <symbol id="sm-544">
         <name>EUSCIB3_IRQHandler</name>
         <value>0x29a9</value>
      </symbol>
      <symbol id="sm-545">
         <name>ADC14_IRQHandler</name>
         <value>0x29a9</value>
      </symbol>
      <symbol id="sm-546">
         <name>T32_INT1_IRQHandler</name>
         <value>0x29a9</value>
      </symbol>
      <symbol id="sm-547">
         <name>T32_INT2_IRQHandler</name>
         <value>0x29a9</value>
      </symbol>
      <symbol id="sm-548">
         <name>T32_INTC_IRQHandler</name>
         <value>0x29a9</value>
      </symbol>
      <symbol id="sm-549">
         <name>AES256_IRQHandler</name>
         <value>0x29a9</value>
      </symbol>
      <symbol id="sm-54a">
         <name>RTC_C_IRQHandler</name>
         <value>0x29a9</value>
      </symbol>
      <symbol id="sm-54b">
         <name>DMA_ERR_IRQHandler</name>
         <value>0x29a9</value>
      </symbol>
      <symbol id="sm-54c">
         <name>DMA_INT3_IRQHandler</name>
         <value>0x29a9</value>
      </symbol>
      <symbol id="sm-54d">
         <name>DMA_INT2_IRQHandler</name>
         <value>0x29a9</value>
      </symbol>
      <symbol id="sm-54e">
         <name>DMA_INT1_IRQHandler</name>
         <value>0x29a9</value>
      </symbol>
      <symbol id="sm-54f">
         <name>DMA_INT0_IRQHandler</name>
         <value>0x29a9</value>
      </symbol>
      <symbol id="sm-550">
         <name>PORT1_IRQHandler</name>
         <value>0x29a9</value>
      </symbol>
      <symbol id="sm-551">
         <name>PORT2_IRQHandler</name>
         <value>0x29a9</value>
      </symbol>
      <symbol id="sm-552">
         <name>PORT3_IRQHandler</name>
         <value>0x29a9</value>
      </symbol>
      <symbol id="sm-553">
         <name>PORT4_IRQHandler</name>
         <value>0x29a9</value>
      </symbol>
      <symbol id="sm-554">
         <name>PORT5_IRQHandler</name>
         <value>0x29a9</value>
      </symbol>
      <symbol id="sm-555">
         <name>PORT6_IRQHandler</name>
         <value>0x29a9</value>
      </symbol>
   </symbol_table>
   <title>Link successful</title>
</link_info>
