******************************************************************************
                  TI ARM Linker PC v18.1.8                     
******************************************************************************
>> Linked Mon Jul 15 14:12:42 2024

OUTPUT FILE NAME:   <EGR424_Project3_Kelsey_Jacob.out>
ENTRY POINT SYMBOL: "_c_int00_noargs"  address: 0000289d


MEMORY CONFIGURATION

         name            origin    length      used     unused   attr    fill
----------------------  --------  ---------  --------  --------  ----  --------
  MAIN                  00000000   00040000  00002b29  0003d4d7  R  X
  INFO                  00200000   00004000  00000000  00004000  R  X
  SRAM_CODE             01000000   00010000  00001a88  0000e578  RW X
  SRAM_DATA             20000000   00010000  00001a88  0000e578  RW  


SEGMENT ALLOCATION MAP

run origin  load origin   length   init length attrs members
----------  ----------- ---------- ----------- ----- -------
00000000    00000000    00002b30   00002b30    r-x
  00000000    00000000    000000e4   000000e4    r-- .intvecs
  000000e8    000000e8    000028ec   000028ec    r-x .text
  000029d4    000029d4    00000101   00000101    r-- .const
  00002ad8    00002ad8    00000058   00000058    r-- .cinit
20000000    20000000    00000a88   00000000    rw-
  20000000    20000000    00000980   00000000    rw- .bss
  20000980    20000980    00000108   00000000    rw- .data
2000f000    2000f000    00001000   00000000    rw-
  2000f000    2000f000    00001000   00000000    rw- .stack


SECTION ALLOCATION MAP

 output                                  attributes/
section   page    origin      length       input sections
--------  ----  ----------  ----------   ----------------
.intvecs   0    00000000    000000e4     
                  00000000    000000e4     startup_msp432p401r_ccs.obj (.intvecs:retain)

.text      0    000000e8    000028ec     
                  000000e8    00000a5e     rtsv7M4_T_le_v4SPD16_eabi.lib : _printfi.c.obj (.text:__TI_printfi)
                  00000b46    00000002                                   : _lock.c.obj (.text:_nop)
                  00000b48    00000480     system_msp432p401r.obj (.text)
                  00000fc8    000002b2     OS.obj (.text)
                  0000127a    00000002     rtsv7M4_T_le_v4SPD16_eabi.lib : div0.asm.obj (.text)
                  0000127c    00000270                                   : _printfi.c.obj (.text:_pconv_a)
                  000014ec    000001d0                                   : _printfi.c.obj (.text:_pconv_g)
                  000016bc    000001b6                                   : fd_add_t2.asm.obj (.text)
                  00001872    00000002     --HOLE-- [fill = 0]
                  00001874    0000013c                                   : _printfi.c.obj (.text:_pconv_e)
                  000019b0    00000136                                   : fd_div_t2.asm.obj (.text)
                  00001ae6    00000002     --HOLE-- [fill = 0]
                  00001ae8    0000012c     UART.obj (.text)
                  00001c14    00000124     rtsv7M4_T_le_v4SPD16_eabi.lib : _printfi.c.obj (.text:fcvt)
                  00001d38    00000110                                   : s_scalbn.c.obj (.text:scalbn)
                  00001e48    000000fc                                   : fd_mul_t2.asm.obj (.text)
                  00001f44    00000004                                   : printf.c.obj (.text:_outc)
                  00001f48    000000f6     Threads.obj (.text)
                  0000203e    00000002     --HOLE-- [fill = 0]
                  00002040    000000e8     Kernel.obj (.text)
                  00002128    000000b1     rtsv7M4_T_le_v4SPD16_eabi.lib : _printfi.c.obj (.text:_ltostr)
                  000021d9    00000001     --HOLE-- [fill = 0]
                  000021da    0000009c                                   : memcpy_t2.asm.obj (.text)
                  00002276    00000096                                   : ull_div_t2.asm.obj (.text)
                  0000230c    00000086                                   : fd_cmp_t2.asm.obj (.text:__aeabi_cdcmple)
                  00002392    00000086                                   : fd_cmp_t2.asm.obj (.text:__aeabi_cdrcmple)
                  00002418    0000007a                                   : memset_t2.asm.obj (.text)
                  00002492    0000006e                                   : _printfi.c.obj (.text:_mcpy)
                  00002500    00000068                                   : copy_decompress_lzss.c.obj (.text:decompress:lzss:__TI_decompress_lzss)
                  00002568    00000068                                   : printf.c.obj (.text:printf)
                  000025d0    00000064                                   : s_frexp.c.obj (.text:frexp)
                  00002634    00000056                                   : _printfi.c.obj (.text:_pconv_f)
                  0000268a    00000054                                   : ltoa.c.obj (.text:ltoa)
                  000026de    00000002     --HOLE-- [fill = 0]
                  000026e0    00000052     OSasm.obj (.text)
                  00002732    00000052     rtsv7M4_T_le_v4SPD16_eabi.lib : _printfi.c.obj (.text:_ecpy)
                  00002784    0000004c                                   : atoi.c.obj (.text:atoi)
                  000027d0    00000048                                   : fd_toi_t2.asm.obj (.text)
                  00002818    00000044                                   : autoinit.c.obj (.text:__TI_auto_init_nobinit_nopinit:__TI_auto_init_nobinit_nopinit)
                  0000285c    0000003e                                   : _printfi.c.obj (.text:_fcpy)
                  0000289a    00000002     --HOLE-- [fill = 0]
                  0000289c    00000038                                   : boot_cortex_m.c.obj (.text:_c_int00_noargs:_c_int00_noargs)
                  000028d4    0000002e                                   : i_tofd_t2.asm.obj (.text)
                  00002902    00000024     LockAcquire.obj (.text)
                  00002926    0000001c     rtsv7M4_T_le_v4SPD16_eabi.lib : memccpy.c.obj (.text:memccpy)
                  00002942    00000016                                   : strchr.c.obj (.text:strchr)
                  00002958    00000014                                   : s_copysign.c.obj (.text:copysign)
                  0000296c    00000014                                   : strlen.c.obj (.text:strlen)
                  00002980    00000012     startup_msp432p401r_ccs.obj (.text)
                  00002992    00000012     rtsv7M4_T_le_v4SPD16_eabi.lib : wcslen.c.obj (.text:wcslen)
                  000029a4    0000000e                                   : copy_decompress_none.c.obj (.text:decompress:none:__TI_decompress_none)
                  000029b2    0000000c                                   : copy_zero_init.c.obj (.text:decompress:ZI:__TI_zero_init)
                  000029be    00000002     --HOLE-- [fill = 0]
                  000029c0    00000008                                   : errno.c.obj (.text:__aeabi_errno_addr)
                  000029c8    00000004                                   : printf.c.obj (.text:_outs)
                  000029cc    00000004                                   : pre_init.c.obj (.text:_system_pre_init)
                  000029d0    00000004                                   : exit.c.obj (.text:abort:abort)

.const     0    000029d4    00000101     
                  000029d4    00000101     rtsv7M4_T_le_v4SPD16_eabi.lib : ctype.c.obj (.const:.string:_ctypes_)

.cinit     0    00002ad8    00000058     
                  00002ad8    0000002f     (.cinit..data.load) [load image, compression = lzss]
                  00002b07    00000001     --HOLE-- [fill = 0]
                  00002b08    0000000c     (__TI_handler_table)
                  00002b14    00000004     --HOLE-- [fill = 0]
                  00002b18    00000008     (.cinit..bss.load) [load image, compression = zero_init]
                  00002b20    00000010     (__TI_cinit_table)

.init_array 
*          0    00000000    00000000     UNINITIALIZED

.binit     0    00000000    00000000     

.bss       0    20000000    00000980     UNINITIALIZED
                  20000000    00000960     (.common:Stacks)
                  20000960    00000018     (.common:tcbs)
                  20000978    00000004     (.common:RunPt)
                  2000097c    00000004     (.common:threadlock)

.data      0    20000980    00000108     UNINITIALIZED
                  20000980    000000f0     rtsv7M4_T_le_v4SPD16_eabi.lib : defs.c.obj (.data:_ftable)
                  20000a70    00000008                                   : _lock.c.obj (.data:$O1$$)
                  20000a78    00000004     Kernel.obj (.data)
                  20000a7c    00000004     Threads.obj (.data)
                  20000a80    00000004     rtsv7M4_T_le_v4SPD16_eabi.lib : errno.c.obj (.data)
                  20000a84    00000004     system_msp432p401r.obj (.data)

.stack     0    2000f000    00001000     UNINITIALIZED
                  2000f000    00000004     rtsv7M4_T_le_v4SPD16_eabi.lib : boot_cortex_m.c.obj (.stack)
                  2000f004    00000ffc     --HOLE--

MODULE SUMMARY

       Module                        code    ro data   rw data
       ------                        ----    -------   -------
    .\
       OS.obj                        690     0         4856   
       system_msp432p401r.obj        1152    0         8      
       UART.obj                      300     0         0      
       Threads.obj                   246     0         8      
       Kernel.obj                    232     0         16     
       startup_msp432p401r_ccs.obj   18      228       0      
       OSasm.obj                     82      0         0      
       LockAcquire.obj               36      0         0      
    +--+-----------------------------+-------+---------+---------+
       Total:                        2756    228       4888   
                                                              
    C:\ti\ccsv8\tools\compiler\ti-cgt-arm_18.1.8.LTS\lib\rtsv7M4_T_le_v4SPD16_eabi.lib
       _printfi.c.obj                4867    0         0      
       defs.c.obj                    0       0         480    
       fd_add_t2.asm.obj             438     0         0      
       fd_div_t2.asm.obj             310     0         0      
       s_scalbn.c.obj                272     0         0      
       fd_cmp_t2.asm.obj             268     0         0      
       ctype.c.obj                   0       257       0      
       fd_mul_t2.asm.obj             252     0         0      
       memcpy_t2.asm.obj             156     0         0      
       ull_div_t2.asm.obj            150     0         0      
       memset_t2.asm.obj             122     0         0      
       printf.c.obj                  112     0         0      
       copy_decompress_lzss.c.obj    104     0         0      
       s_frexp.c.obj                 100     0         0      
       ltoa.c.obj                    84      0         0      
       atoi.c.obj                    76      0         0      
       fd_toi_t2.asm.obj             72      0         0      
       autoinit.c.obj                68      0         0      
       boot_cortex_m.c.obj           56      0         0      
       i_tofd_t2.asm.obj             46      0         0      
       memccpy.c.obj                 28      0         0      
       strchr.c.obj                  22      0         0      
       s_copysign.c.obj              20      0         0      
       strlen.c.obj                  20      0         0      
       _lock.c.obj                   2       0         16     
       wcslen.c.obj                  18      0         0      
       errno.c.obj                   8       0         8      
       copy_decompress_none.c.obj    14      0         0      
       copy_zero_init.c.obj          12      0         0      
       exit.c.obj                    4       0         0      
       pre_init.c.obj                4       0         0      
       div0.asm.obj                  2       0         0      
    +--+-----------------------------+-------+---------+---------+
       Total:                        7707    257       504    
                                                              
       Stack:                        0       0         8192   
       Linker Generated:             0       83        0      
    +--+-----------------------------+-------+---------+---------+
       Grand Total:                  10463   568       13584  


LINKER GENERATED COPY TABLES

__TI_cinit_table @ 00002b20 records: 2, size/record: 8, table size: 16
	.data: load addr=00002ad8, load size=0000002f bytes, run addr=20000980, run size=00000108 bytes, compression=lzss
	.bss: load addr=00002b18, load size=00000008 bytes, run addr=20000000, run size=00000980 bytes, compression=zero_init


LINKER GENERATED HANDLER TABLE

__TI_handler_table @ 00002b08 records: 3, size/record: 4, table size: 12
	index: 0, handler: __TI_decompress_lzss
	index: 1, handler: __TI_decompress_none
	index: 2, handler: __TI_zero_init


GLOBAL SYMBOLS: SORTED ALPHABETICALLY BY Name 

address   name                          
-------   ----                          
00002991  ADC14_IRQHandler              
00002991  AES256_IRQHandler             
00002991  BusFault_Handler              
000029d1  C$$EXIT                       
00002991  COMP_E0_IRQHandler            
00002991  COMP_E1_IRQHandler            
00002991  CS_IRQHandler                 
00002991  DMA_ERR_IRQHandler            
00002991  DMA_INT0_IRQHandler           
00002991  DMA_INT1_IRQHandler           
00002991  DMA_INT2_IRQHandler           
00002991  DMA_INT3_IRQHandler           
00002991  DebugMon_Handler              
00002991  Default_Handler               
00002991  EUSCIA0_IRQHandler            
00002991  EUSCIA1_IRQHandler            
00002991  EUSCIA2_IRQHandler            
00002991  EUSCIA3_IRQHandler            
00002991  EUSCIB0_IRQHandler            
00002991  EUSCIB1_IRQHandler            
00002991  EUSCIB2_IRQHandler            
00002991  EUSCIB3_IRQHandler            
00001269  EndCritical                   
00002991  FLCTL_IRQHandler              
00002991  FPU_IRQHandler                
00002071  GPIO_Init                     
00002991  HardFault_Handler             
000020b9  Lock_Init                     
000020c9  Lock_Release                  
00002991  MemManage_Handler             
00002991  NMI_Handler                   
00001181  OS_AddThreads                 
000026e5  OS_DisableInterrupts          
000026e9  OS_EnableInterrupts           
00000fc9  OS_Init                       
00001221  OS_Launch                     
00002991  PCM_IRQHandler                
00002991  PORT1_IRQHandler              
00002991  PORT2_IRQHandler              
00002991  PORT3_IRQHandler              
00002991  PORT4_IRQHandler              
00002991  PORT5_IRQHandler              
00002991  PORT6_IRQHandler              
00002991  PSS_IRQHandler                
00002991  PendSV_Handler                
00002991  RTC_C_IRQHandler              
00002981  Reset_Handler                 
20000978  RunPt                         
00002991  SVC_Handler                   
00001009  SetInitialStack               
20000000  Stacks                        
00001259  StartCritical                 
0000270d  StartOS                       
000026ed  SysTick_Handler               
000026ed  SysTick_Handler               
20000a84  SystemCoreClock               
00000b49  SystemCoreClockUpdate         
00000f29  SystemInit                    
00002991  T32_INT1_IRQHandler           
00002991  T32_INT2_IRQHandler           
00002991  T32_INTC_IRQHandler           
00002991  TA0_0_IRQHandler              
00002991  TA0_N_IRQHandler              
00002991  TA1_0_IRQHandler              
00002991  TA1_N_IRQHandler              
00002991  TA2_0_IRQHandler              
00002991  TA2_N_IRQHandler              
00002991  TA3_0_IRQHandler              
00002991  TA3_N_IRQHandler              
00001f49  Thread0                       
00001f91  Thread1                       
00001fd9  Thread2                       
00001ae9  UART0_Init                    
00001b91  UART_MSend                    
00001be9  UART_Receive                  
00001b51  UART_Send                     
00002991  UsageFault_Handler            
4000480c  WDTCTL_SYM                    
00002991  WDT_A_IRQHandler              
20010000  __STACK_END                   
00001000  __STACK_SIZE                  
00002b20  __TI_CINIT_Base               
00002b30  __TI_CINIT_Limit              
00002b08  __TI_Handler_Table_Base       
00002b14  __TI_Handler_Table_Limit      
00002819  __TI_auto_init_nobinit_nopinit
00002501  __TI_decompress_lzss          
000029a5  __TI_decompress_none          
ffffffff  __TI_pprof_out_hndl           
000000e9  __TI_printfi                  
ffffffff  __TI_prof_data_size           
ffffffff  __TI_prof_data_start          
00000000  __TI_static_base__            
000029b3  __TI_zero_init                
0000230d  __aeabi_cdcmpeq               
0000230d  __aeabi_cdcmple               
00002393  __aeabi_cdrcmple              
000027d1  __aeabi_d2iz                  
000016c7  __aeabi_dadd                  
000019b1  __aeabi_ddiv                  
00001e49  __aeabi_dmul                  
000016bd  __aeabi_dsub                  
000029c1  __aeabi_errno_addr            
000028d5  __aeabi_i2d                   
0000127b  __aeabi_idiv0                 
0000127b  __aeabi_ldiv0                 
00002419  __aeabi_memclr                
00002419  __aeabi_memclr4               
00002419  __aeabi_memclr8               
000021db  __aeabi_memcpy                
000021db  __aeabi_memcpy4               
000021db  __aeabi_memcpy8               
0000241b  __aeabi_memset                
0000241b  __aeabi_memset4               
0000241b  __aeabi_memset8               
00002277  __aeabi_uldivmod              
ffffffff  __binit__                     
ffffffff  __c_args__                    
UNDEFED   __mpu_init                    
2000f000  __stack                       
0000289d  _c_int00_noargs               
000029d4  _ctypes_                      
20000980  _ftable                       
20000a70  _lock                         
00000b47  _nop                          
UNDEFED   _system_post_cinit            
000029cd  _system_pre_init              
20000a74  _unlock                       
000029d1  abort                         
00002785  atoi                          
ffffffff  binit                         
00002959  copysign                      
00002959  copysignl                     
20000a78  count                         
20000a7c  delay                         
20000a80  errno                         
00002041  fputc                         
00002059  fputs                         
000025d1  frexp                         
000025d1  frexpl                        
00000000  interruptVectors              
00001d39  ldexp                         
00001d39  ldexpl                        
00002903  lock_acquire                  
0000268b  ltoa                          
000020d9  main                          
00002927  memccpy                       
000021db  memcpy                        
00002421  memset                        
00002569  printf                        
00001d39  scalbn                        
00001d39  scalbnl                       
00002943  strchr                        
0000296d  strlen                        
20000960  tcbs                          
2000097c  threadlock                    
00002993  wcslen                        
00001279  yield                         


GLOBAL SYMBOLS: SORTED BY Symbol Address 

address   name                          
-------   ----                          
00000000  __TI_static_base__            
00000000  interruptVectors              
000000e9  __TI_printfi                  
00000b47  _nop                          
00000b49  SystemCoreClockUpdate         
00000f29  SystemInit                    
00000fc9  OS_Init                       
00001000  __STACK_SIZE                  
00001009  SetInitialStack               
00001181  OS_AddThreads                 
00001221  OS_Launch                     
00001259  StartCritical                 
00001269  EndCritical                   
00001279  yield                         
0000127b  __aeabi_idiv0                 
0000127b  __aeabi_ldiv0                 
000016bd  __aeabi_dsub                  
000016c7  __aeabi_dadd                  
000019b1  __aeabi_ddiv                  
00001ae9  UART0_Init                    
00001b51  UART_Send                     
00001b91  UART_MSend                    
00001be9  UART_Receive                  
00001d39  ldexp                         
00001d39  ldexpl                        
00001d39  scalbn                        
00001d39  scalbnl                       
00001e49  __aeabi_dmul                  
00001f49  Thread0                       
00001f91  Thread1                       
00001fd9  Thread2                       
00002041  fputc                         
00002059  fputs                         
00002071  GPIO_Init                     
000020b9  Lock_Init                     
000020c9  Lock_Release                  
000020d9  main                          
000021db  __aeabi_memcpy                
000021db  __aeabi_memcpy4               
000021db  __aeabi_memcpy8               
000021db  memcpy                        
00002277  __aeabi_uldivmod              
0000230d  __aeabi_cdcmpeq               
0000230d  __aeabi_cdcmple               
00002393  __aeabi_cdrcmple              
00002419  __aeabi_memclr                
00002419  __aeabi_memclr4               
00002419  __aeabi_memclr8               
0000241b  __aeabi_memset                
0000241b  __aeabi_memset4               
0000241b  __aeabi_memset8               
00002421  memset                        
00002501  __TI_decompress_lzss          
00002569  printf                        
000025d1  frexp                         
000025d1  frexpl                        
0000268b  ltoa                          
000026e5  OS_DisableInterrupts          
000026e9  OS_EnableInterrupts           
000026ed  SysTick_Handler               
000026ed  SysTick_Handler               
0000270d  StartOS                       
00002785  atoi                          
000027d1  __aeabi_d2iz                  
00002819  __TI_auto_init_nobinit_nopinit
0000289d  _c_int00_noargs               
000028d5  __aeabi_i2d                   
00002903  lock_acquire                  
00002927  memccpy                       
00002943  strchr                        
00002959  copysign                      
00002959  copysignl                     
0000296d  strlen                        
00002981  Reset_Handler                 
00002991  ADC14_IRQHandler              
00002991  AES256_IRQHandler             
00002991  BusFault_Handler              
00002991  COMP_E0_IRQHandler            
00002991  COMP_E1_IRQHandler            
00002991  CS_IRQHandler                 
00002991  DMA_ERR_IRQHandler            
00002991  DMA_INT0_IRQHandler           
00002991  DMA_INT1_IRQHandler           
00002991  DMA_INT2_IRQHandler           
00002991  DMA_INT3_IRQHandler           
00002991  DebugMon_Handler              
00002991  Default_Handler               
00002991  EUSCIA0_IRQHandler            
00002991  EUSCIA1_IRQHandler            
00002991  EUSCIA2_IRQHandler            
00002991  EUSCIA3_IRQHandler            
00002991  EUSCIB0_IRQHandler            
00002991  EUSCIB1_IRQHandler            
00002991  EUSCIB2_IRQHandler            
00002991  EUSCIB3_IRQHandler            
00002991  FLCTL_IRQHandler              
00002991  FPU_IRQHandler                
00002991  HardFault_Handler             
00002991  MemManage_Handler             
00002991  NMI_Handler                   
00002991  PCM_IRQHandler                
00002991  PORT1_IRQHandler              
00002991  PORT2_IRQHandler              
00002991  PORT3_IRQHandler              
00002991  PORT4_IRQHandler              
00002991  PORT5_IRQHandler              
00002991  PORT6_IRQHandler              
00002991  PSS_IRQHandler                
00002991  PendSV_Handler                
00002991  RTC_C_IRQHandler              
00002991  SVC_Handler                   
00002991  T32_INT1_IRQHandler           
00002991  T32_INT2_IRQHandler           
00002991  T32_INTC_IRQHandler           
00002991  TA0_0_IRQHandler              
00002991  TA0_N_IRQHandler              
00002991  TA1_0_IRQHandler              
00002991  TA1_N_IRQHandler              
00002991  TA2_0_IRQHandler              
00002991  TA2_N_IRQHandler              
00002991  TA3_0_IRQHandler              
00002991  TA3_N_IRQHandler              
00002991  UsageFault_Handler            
00002991  WDT_A_IRQHandler              
00002993  wcslen                        
000029a5  __TI_decompress_none          
000029b3  __TI_zero_init                
000029c1  __aeabi_errno_addr            
000029cd  _system_pre_init              
000029d1  C$$EXIT                       
000029d1  abort                         
000029d4  _ctypes_                      
00002b08  __TI_Handler_Table_Base       
00002b14  __TI_Handler_Table_Limit      
00002b20  __TI_CINIT_Base               
00002b30  __TI_CINIT_Limit              
20000000  Stacks                        
20000960  tcbs                          
20000978  RunPt                         
2000097c  threadlock                    
20000980  _ftable                       
20000a70  _lock                         
20000a74  _unlock                       
20000a78  count                         
20000a7c  delay                         
20000a80  errno                         
20000a84  SystemCoreClock               
2000f000  __stack                       
20010000  __STACK_END                   
4000480c  WDTCTL_SYM                    
ffffffff  __TI_pprof_out_hndl           
ffffffff  __TI_prof_data_size           
ffffffff  __TI_prof_data_start          
ffffffff  __binit__                     
ffffffff  __c_args__                    
ffffffff  binit                         
UNDEFED   __mpu_init                    
UNDEFED   _system_post_cinit            

[158 symbols]
