******************************************************************************
                  TI ARM Linker PC v18.1.8                     
******************************************************************************
>> Linked Wed Jul 10 02:07:05 2024

OUTPUT FILE NAME:   <EGR424_Project3_Kelsey_Jacob.out>
ENTRY POINT SYMBOL: "_c_int00_noargs"  address: 000006a5


MEMORY CONFIGURATION

         name            origin    length      used     unused   attr    fill
----------------------  --------  ---------  --------  --------  ----  --------
  MAIN                  00000000   00040000  0000076c  0003f894  R  X
  INFO                  00200000   00004000  00000000  00004000  R  X
  SRAM_CODE             01000000   00010000  00001008  0000eff8  RW X
  SRAM_DATA             20000000   00010000  00001008  0000eff8  RW  


SEGMENT ALLOCATION MAP

run origin  load origin   length   init length attrs members
----------  ----------- ---------- ----------- ----- -------
00000000    00000000    00000770   00000770    r-x
  00000000    00000000    000000e4   000000e4    r-- .intvecs
  000000e4    000000e4    00000658   00000658    r-x .text
  00000740    00000740    00000030   00000030    r-- .cinit
20000000    20000000    00000008   00000000    rw-
  20000000    20000000    00000004   00000000    rw- .bss
  20000004    20000004    00000004   00000000    rw- .data
2000f000    2000f000    00001000   00000000    rw-
  2000f000    2000f000    00001000   00000000    rw- .stack


SECTION ALLOCATION MAP

 output                                  attributes/
section   page    origin      length       input sections
--------  ----  ----------  ----------   ----------------
.intvecs   0    00000000    000000e4     
                  00000000    000000e4     startup_msp432p401r_ccs.obj (.intvecs:retain)

.text      0    000000e4    00000658     
                  000000e4    00000334     system_msp432p401r.obj (.text)
                  00000418    000000b8     UART.obj (.text)
                  000004d0    0000009c     rtsv7M4_T_le_v4SPD16_eabi.lib : memcpy_t2.asm.obj (.text)
                  0000056c    0000008c     Kernel.obj (.text)
                  000005f8    00000068     rtsv7M4_T_le_v4SPD16_eabi.lib : copy_decompress_lzss.c.obj (.text:decompress:lzss:__TI_decompress_lzss)
                  00000660    00000044                                   : autoinit.c.obj (.text:__TI_auto_init_nobinit_nopinit:__TI_auto_init_nobinit_nopinit)
                  000006a4    00000038                                   : boot_cortex_m.c.obj (.text:_c_int00_noargs:_c_int00_noargs)
                  000006dc    0000001c                                   : copy_zero_init.c.obj (.text:decompress:ZI:__TI_zero_init_nomemset:__TI_zero_init_nomemset)
                  000006f8    00000014                                   : strlen.c.obj (.text:strlen)
                  0000070c    0000000e                                   : copy_decompress_none.c.obj (.text:decompress:none:__TI_decompress_none)
                  0000071a    0000000e     startup_msp432p401r_ccs.obj (.text)
                  00000728    0000000c     OSasm.obj (.text)
                  00000734    00000004     rtsv7M4_T_le_v4SPD16_eabi.lib : pre_init.c.obj (.text:_system_pre_init)
                  00000738    00000004                                   : exit.c.obj (.text:abort:abort)

.cinit     0    00000740    00000030     
                  00000740    0000000c     (__TI_handler_table)
                  0000074c    00000004     --HOLE-- [fill = 0]
                  00000750    00000008     (.cinit..bss.load) [load image, compression = zero_init]
                  00000758    00000008     (.cinit..data.load) [load image, compression = lzss]
                  00000760    00000010     (__TI_cinit_table)

.init_array 
*          0    00000000    00000000     UNINITIALIZED

.binit     0    00000000    00000000     

.bss       0    20000000    00000004     UNINITIALIZED
                  20000000    00000004     (.common:RunPt)

.data      0    20000004    00000004     UNINITIALIZED
                  20000004    00000004     system_msp432p401r.obj (.data)

.stack     0    2000f000    00001000     UNINITIALIZED
                  2000f000    00000004     rtsv7M4_T_le_v4SPD16_eabi.lib : boot_cortex_m.c.obj (.stack)
                  2000f004    00000ffc     --HOLE--

MODULE SUMMARY

       Module                        code   ro data   rw data
       ------                        ----   -------   -------
    .\
       system_msp432p401r.obj        820    0         8      
       startup_msp432p401r_ccs.obj   14     228       0      
       UART.obj                      184    0         0      
       Kernel.obj                    140    0         0      
       OSasm.obj                     12     0         0      
       OS.obj                        0      0         8      
    +--+-----------------------------+------+---------+---------+
       Total:                        1170   228       16     
                                                             
    C:\ti\ccsv8\tools\compiler\ti-cgt-arm_18.1.8.LTS\lib\rtsv7M4_T_le_v4SPD16_eabi.lib
       memcpy_t2.asm.obj             156    0         0      
       copy_decompress_lzss.c.obj    104    0         0      
       autoinit.c.obj                68     0         0      
       boot_cortex_m.c.obj           56     0         0      
       copy_zero_init.c.obj          28     0         0      
       strlen.c.obj                  20     0         0      
       copy_decompress_none.c.obj    14     0         0      
       exit.c.obj                    4      0         0      
       pre_init.c.obj                4      0         0      
    +--+-----------------------------+------+---------+---------+
       Total:                        454    0         0      
                                                             
       Stack:                        0      0         8192   
       Linker Generated:             0      44        0      
    +--+-----------------------------+------+---------+---------+
       Grand Total:                  1624   272       8208   


LINKER GENERATED COPY TABLES

__TI_cinit_table @ 00000760 records: 2, size/record: 8, table size: 16
	.bss: load addr=00000750, load size=00000008 bytes, run addr=20000000, run size=00000004 bytes, compression=zero_init
	.data: load addr=00000758, load size=00000008 bytes, run addr=20000004, run size=00000004 bytes, compression=lzss


LINKER GENERATED HANDLER TABLE

__TI_handler_table @ 00000740 records: 3, size/record: 4, table size: 12
	index: 0, handler: __TI_decompress_lzss
	index: 1, handler: __TI_decompress_none
	index: 2, handler: __TI_zero_init


GLOBAL SYMBOLS: SORTED ALPHABETICALLY BY Name 

address   name                          
-------   ----                          
00000727  ADC14_IRQHandler              
00000727  AES256_IRQHandler             
00000727  BusFault_Handler              
00000739  C$$EXIT                       
00000727  COMP_E0_IRQHandler            
00000727  COMP_E1_IRQHandler            
00000727  CS_IRQHandler                 
00000727  DMA_ERR_IRQHandler            
00000727  DMA_INT0_IRQHandler           
00000727  DMA_INT1_IRQHandler           
00000727  DMA_INT2_IRQHandler           
00000727  DMA_INT3_IRQHandler           
00000727  DebugMon_Handler              
00000727  Default_Handler               
00000727  EUSCIA0_IRQHandler            
00000727  EUSCIA1_IRQHandler            
00000727  EUSCIA2_IRQHandler            
00000727  EUSCIA3_IRQHandler            
00000727  EUSCIB0_IRQHandler            
00000727  EUSCIB1_IRQHandler            
00000727  EUSCIB2_IRQHandler            
00000727  EUSCIB3_IRQHandler            
00000727  FLCTL_IRQHandler              
00000727  FPU_IRQHandler                
0000058d  GPIO_Init                     
00000727  HardFault_Handler             
000005c7  Lock_Acquire                  
000005b7  Lock_Init                     
000005d3  Lock_Release                  
00000727  MemManage_Handler             
00000727  NMI_Handler                   
00000729  OS_DisableInterrupts          
0000072d  OS_EnableInterrupts           
00000727  PCM_IRQHandler                
00000727  PORT1_IRQHandler              
00000727  PORT2_IRQHandler              
00000727  PORT3_IRQHandler              
00000727  PORT4_IRQHandler              
00000727  PORT5_IRQHandler              
00000727  PORT6_IRQHandler              
00000727  PSS_IRQHandler                
00000727  PendSV_Handler                
00000727  RTC_C_IRQHandler              
0000071b  Reset_Handler                 
20000000  RunPt                         
00000727  SVC_Handler                   
00000735  StartOS                       
00000735  SysTick_Handler               
00000735  SysTick_Handler               
20000004  SystemCoreClock               
000000e5  SystemCoreClockUpdate         
0000035d  SystemInit                    
00000727  T32_INT1_IRQHandler           
00000727  T32_INT2_IRQHandler           
00000727  T32_INTC_IRQHandler           
00000727  TA0_0_IRQHandler              
00000727  TA0_N_IRQHandler              
00000727  TA1_0_IRQHandler              
00000727  TA1_N_IRQHandler              
00000727  TA2_0_IRQHandler              
00000727  TA2_N_IRQHandler              
00000727  TA3_0_IRQHandler              
00000727  TA3_N_IRQHandler              
00000419  UART0_Init                    
00000473  UART_MSend                    
000004a1  UART_Receive                  
00000453  UART_Send                     
00000727  UsageFault_Handler            
4000480c  WDTCTL_SYM                    
00000727  WDT_A_IRQHandler              
20010000  __STACK_END                   
00001000  __STACK_SIZE                  
00000760  __TI_CINIT_Base               
00000770  __TI_CINIT_Limit              
00000740  __TI_Handler_Table_Base       
0000074c  __TI_Handler_Table_Limit      
00000661  __TI_auto_init_nobinit_nopinit
000005f9  __TI_decompress_lzss          
0000070d  __TI_decompress_none          
ffffffff  __TI_pprof_out_hndl           
ffffffff  __TI_prof_data_size           
ffffffff  __TI_prof_data_start          
00000000  __TI_static_base__            
000006dd  __TI_zero_init_nomemset       
000004d1  __aeabi_memcpy                
000004d1  __aeabi_memcpy4               
000004d1  __aeabi_memcpy8               
ffffffff  __binit__                     
ffffffff  __c_args__                    
UNDEFED   __mpu_init                    
2000f000  __stack                       
000006a5  _c_int00_noargs               
UNDEFED   _system_post_cinit            
00000735  _system_pre_init              
00000739  abort                         
ffffffff  binit                         
0000056d  fputc                         
0000057d  fputs                         
00000000  interruptVectors              
000005e3  main                          
000004d1  memcpy                        
000006f9  strlen                        


GLOBAL SYMBOLS: SORTED BY Symbol Address 

address   name                          
-------   ----                          
00000000  __TI_static_base__            
00000000  interruptVectors              
000000e5  SystemCoreClockUpdate         
0000035d  SystemInit                    
00000419  UART0_Init                    
00000453  UART_Send                     
00000473  UART_MSend                    
000004a1  UART_Receive                  
000004d1  __aeabi_memcpy                
000004d1  __aeabi_memcpy4               
000004d1  __aeabi_memcpy8               
000004d1  memcpy                        
0000056d  fputc                         
0000057d  fputs                         
0000058d  GPIO_Init                     
000005b7  Lock_Init                     
000005c7  Lock_Acquire                  
000005d3  Lock_Release                  
000005e3  main                          
000005f9  __TI_decompress_lzss          
00000661  __TI_auto_init_nobinit_nopinit
000006a5  _c_int00_noargs               
000006dd  __TI_zero_init_nomemset       
000006f9  strlen                        
0000070d  __TI_decompress_none          
0000071b  Reset_Handler                 
00000727  ADC14_IRQHandler              
00000727  AES256_IRQHandler             
00000727  BusFault_Handler              
00000727  COMP_E0_IRQHandler            
00000727  COMP_E1_IRQHandler            
00000727  CS_IRQHandler                 
00000727  DMA_ERR_IRQHandler            
00000727  DMA_INT0_IRQHandler           
00000727  DMA_INT1_IRQHandler           
00000727  DMA_INT2_IRQHandler           
00000727  DMA_INT3_IRQHandler           
00000727  DebugMon_Handler              
00000727  Default_Handler               
00000727  EUSCIA0_IRQHandler            
00000727  EUSCIA1_IRQHandler            
00000727  EUSCIA2_IRQHandler            
00000727  EUSCIA3_IRQHandler            
00000727  EUSCIB0_IRQHandler            
00000727  EUSCIB1_IRQHandler            
00000727  EUSCIB2_IRQHandler            
00000727  EUSCIB3_IRQHandler            
00000727  FLCTL_IRQHandler              
00000727  FPU_IRQHandler                
00000727  HardFault_Handler             
00000727  MemManage_Handler             
00000727  NMI_Handler                   
00000727  PCM_IRQHandler                
00000727  PORT1_IRQHandler              
00000727  PORT2_IRQHandler              
00000727  PORT3_IRQHandler              
00000727  PORT4_IRQHandler              
00000727  PORT5_IRQHandler              
00000727  PORT6_IRQHandler              
00000727  PSS_IRQHandler                
00000727  PendSV_Handler                
00000727  RTC_C_IRQHandler              
00000727  SVC_Handler                   
00000727  T32_INT1_IRQHandler           
00000727  T32_INT2_IRQHandler           
00000727  T32_INTC_IRQHandler           
00000727  TA0_0_IRQHandler              
00000727  TA0_N_IRQHandler              
00000727  TA1_0_IRQHandler              
00000727  TA1_N_IRQHandler              
00000727  TA2_0_IRQHandler              
00000727  TA2_N_IRQHandler              
00000727  TA3_0_IRQHandler              
00000727  TA3_N_IRQHandler              
00000727  UsageFault_Handler            
00000727  WDT_A_IRQHandler              
00000729  OS_DisableInterrupts          
0000072d  OS_EnableInterrupts           
00000735  StartOS                       
00000735  SysTick_Handler               
00000735  SysTick_Handler               
00000735  _system_pre_init              
00000739  C$$EXIT                       
00000739  abort                         
00000740  __TI_Handler_Table_Base       
0000074c  __TI_Handler_Table_Limit      
00000760  __TI_CINIT_Base               
00000770  __TI_CINIT_Limit              
00001000  __STACK_SIZE                  
20000000  RunPt                         
20000004  SystemCoreClock               
2000f000  __stack                       
20010000  __STACK_END                   
4000480c  WDTCTL_SYM                    
ffffffff  __TI_pprof_out_hndl           
ffffffff  __TI_prof_data_size           
ffffffff  __TI_prof_data_start          
ffffffff  __binit__                     
ffffffff  __c_args__                    
ffffffff  binit                         
UNDEFED   __mpu_init                    
UNDEFED   _system_post_cinit            

[102 symbols]
